5.9s 1 0.00s - Debugger warning: It seems that frozen modules are being used, which may
5.9s 2 0.00s - make the debugger miss breakpoints. Please pass -Xfrozen_modules=off
5.9s 3 0.00s - to python to disable frozen modules.
5.9s 4 0.00s - Note: Debugging will proceed. Set PYDEVD_DISABLE_FILE_VALIDATION=1 to disable this validation.
6.6s 5 0.00s - Debugger warning: It seems that frozen modules are being used, which may
6.6s 6 0.00s - make the debugger miss breakpoints. Please pass -Xfrozen_modules=off
6.6s 7 0.00s - to python to disable frozen modules.
6.6s 8 0.00s - Note: Debugging will proceed. Set PYDEVD_DISABLE_FILE_VALIDATION=1 to disable this validation.
9.0s 9 Sun Sep 28 14:41:35 2025
9.0s 10 +-----------------------------------------------------------------------------------------+
9.0s 11 | NVIDIA-SMI 560.35.03              Driver Version: 560.35.03      CUDA Version: 12.6     |
9.0s 12 |-----------------------------------------+------------------------+----------------------+
9.0s 13 | GPU  Name                 Persistence-M | Bus-Id          Disp.A | Volatile Uncorr. ECC |
9.0s 14 | Fan  Temp   Perf          Pwr:Usage/Cap |           Memory-Usage | GPU-Util  Compute M. |
9.0s 15 |                                         |                        |               MIG M. |
9.0s 16 |=========================================+========================+======================|
9.0s 17 |   0  Tesla P100-PCIE-16GB           Off |   00000000:00:04.0 Off |                    0 |
9.0s 18 | N/A   34C    P0             27W /  250W |       0MiB /  16384MiB |      0%      Default |
9.0s 19 |                                         |                        |                  N/A |
9.0s 20 +-----------------------------------------+------------------------+----------------------+
9.0s 21 
9.0s 22 +-----------------------------------------------------------------------------------------+
9.0s 23 | Processes:                                                                              |
9.0s 24 |  GPU   GI   CI        PID   Type   Process name                              GPU Memory |
9.0s 25 |        ID   ID                                                               Usage      |
9.0s 26 |=========================================================================================|
9.0s 27 |  No running processes found                                                             |
9.0s 28 +-----------------------------------------------------------------------------------------+
9.1s 29 Architecture:             x86_64
9.1s 30 CPU op-mode(s):         32-bit, 64-bit
9.1s 31 Address sizes:          46 bits physical, 48 bits virtual
9.1s 32 Byte Order:             Little Endian
9.1s 33 CPU(s):                   4
9.1s 34 On-line CPU(s) list:    0-3
9.1s 35 Vendor ID:                GenuineIntel
9.1s 36 Model name:             Intel(R) Xeon(R) CPU @ 2.00GHz
9.1s 37 CPU family:           6
9.1s 38 Model:                85
9.1s 39 Thread(s) per core:   2
9.1s 40 Core(s) per socket:   2
9.1s 41 Socket(s):            1
9.1s 42 Stepping:             3
9.1s 43 BogoMIPS:             4000.40
9.1s 44 Flags:                fpu vme de pse tsc msr pae mce cx8 apic sep mtrr pge m
9.1s 45 ca cmov pat pse36 clflush mmx fxsr sse sse2 ss ht sysc
9.1s 46 all nx pdpe1gb rdtscp lm constant_tsc rep_good nopl xt
9.1s 47 opology nonstop_tsc cpuid tsc_known_freq pni pclmulqdq
9.1s 48 ssse3 fma cx16 pcid sse4_1 sse4_2 x2apic movbe popcnt
9.1s 49 aes xsave avx f16c rdrand hypervisor lahf_lm abm 3dno
9.1s 50 wprefetch pti ssbd ibrs ibpb stibp fsgsbase tsc_adjust
9.1s 51 bmi1 hle avx2 smep bmi2 erms invpcid rtm mpx avx512f
9.1s 52 avx512dq rdseed adx smap clflushopt clwb avx512cd avx5
9.1s 53 12bw avx512vl xsaveopt xsavec xgetbv1 xsaves arat md_c
9.1s 54 lear arch_capabilities
9.1s 55 Virtualization features:
9.1s 56 Hypervisor vendor:      KVM
9.1s 57 Virtualization type:    full
9.1s 58 Caches (sum of all):
9.1s 59 L1d:                    64 KiB (2 instances)
9.1s 60 L1i:                    64 KiB (2 instances)
9.1s 61 L2:                     2 MiB (2 instances)
9.1s 62 L3:                     38.5 MiB (1 instance)
9.1s 63 NUMA:
9.1s 64 NUMA node(s):           1
9.1s 65 NUMA node0 CPU(s):      0-3
9.1s 66 Vulnerabilities:
9.1s 67 Gather data sampling:   Not affected
9.1s 68 Itlb multihit:          Not affected
9.1s 69 L1tf:                   Mitigation; PTE Inversion
9.1s 70 Mds:                    Mitigation; Clear CPU buffers; SMT Host state unknown
9.1s 71 Meltdown:               Mitigation; PTI
9.1s 72 Mmio stale data:        Vulnerable: Clear CPU buffers attempted, no microcode;
9.1s 73 SMT Host state unknown
9.1s 74 Reg file data sampling: Not affected
9.1s 75 Retbleed:               Mitigation; IBRS
9.1s 76 Spec rstack overflow:   Not affected
9.1s 77 Spec store bypass:      Mitigation; Speculative Store Bypass disabled via prct
9.1s 78 l
9.1s 79 Spectre v1:             Mitigation; usercopy/swapgs barriers and __user pointe
9.1s 80 r sanitization
9.1s 81 Spectre v2:             Mitigation; IBRS; IBPB conditional; STIBP conditional;
9.1s 82 RSB filling; PBRSB-eIBRS Not affected; BHI SW loop, K
9.1s 83 VM SW loop
9.1s 84 Srbds:                  Not affected
9.1s 85 Tsx async abort:        Mitigation; Clear CPU buffers; SMT Host state unknown
9.2s 86 total        used        free      shared  buff/cache   available
9.2s 87 Mem:            31Gi       687Mi        23Gi       2.0Mi       7.1Gi        30Gi
9.2s 88 Swap:             0B          0B          0B
9.4s 89 PRETTY_NAME="Ubuntu 22.04.4 LTS"
9.4s 90 NAME="Ubuntu"
9.4s 91 VERSION_ID="22.04"
9.4s 92 VERSION="22.04.4 LTS (Jammy Jellyfish)"
9.4s 93 VERSION_CODENAME=jammy
9.4s 94 ID=ubuntu
9.4s 95 ID_LIKE=debian
9.4s 96 HOME_URL="https://www.ubuntu.com/"
9.4s 97 SUPPORT_URL="https://help.ubuntu.com/"
9.4s 98 BUG_REPORT_URL="https://bugs.launchpad.net/ubuntu/"
9.4s 99 PRIVACY_POLICY_URL="https://www.ubuntu.com/legal/terms-and-policies/privacy-policy"
9.4s 100 UBUNTU_CODENAME=jammy
9.5s 101 Filesystem                                                              Size  Used Avail Use% Mounted on
9.5s 102 overlay                                                                 7.9T  6.3T  1.7T  80% /
9.5s 103 tmpfs                                                                    64M     0   64M   0% /dev
9.5s 104 shm                                                                      14G     0   14G   0% /dev/shm
9.5s 105 /dev/loop1                                                               20G  188K   20G   1% /kaggle/lib
9.5s 106 192.168.13.2:/data/kagglesdsdata/datasets/3570200/6216738/dd3qnjx3qj00   38T   28T  9.8T  75% /kaggle/input/tilda-400-64x64-patches
9.5s 107 /dev/sda1                                                               122G  4.7G  118G   4% /opt/bin
9.5s 108 /dev/mapper/snap                                                        7.9T  6.3T  1.7T  80% /etc/hosts
9.5s 109 tmpfs                                                                    16G     0   16G   0% /proc/acpi
9.5s 110 tmpfs                                                                    16G     0   16G   0% /proc/scsi
9.5s 111 tmpfs                                                                    16G     0   16G   0% /sys/firmware
24.1s 112 Random seed set as 42
24.1s 113 
24.3s 114 Random seed set as 42
24.3s 115 
24.6s 116 Total images found: 25600
24.6s 117 
24.6s 118 Original image count per class:
24.6s 119 good            23170
24.6s 120 objects           837
24.6s 121 oil spot          636
24.6s 122 thread error      620
24.6s 123 hole              337
24.6s 124 dtype: int64
25.2s 125 Random seed set as 42
25.2s 126 
25.2s 127 Random seed set as 42
25.2s 128 
25.3s 129 Random seed set as 42
25.3s 130 
25.3s 131 Random seed set as 42
25.3s 132 
25.4s 133 Random seed set as 42
25.4s 134 
25.5s 135 Real Data Loaded: 400 unique Image IDs and 25600 total patches.
25.5s 136 Initial Patch Split (Multi-class): Good (0)=23170, Defects (1-4)=2430.
25.5s 137 Image Stratification Split (Multi-class): good(0)=0, hole(1)=101, objects(2)=100, oil spot(3)=99, thread error(4)=100
25.5s 138 
25.5s 139 --- Initial Data Split (Non-Stratified) ---
25.5s 140 Total Image IDs: 400
25.5s 141 Dedicated Test Set Split (10%): 40 image IDs.
25.5s 142 K-Fold Train/Validation Pool: 360 image IDs.
25.5s 143 Dedicated Test Set Ready with 2560 patches for final evaluation.
25.5s 144 
25.5s 145 --- Starting Undersampling Experiment (Stratified K-Fold on IMAGE IDs) ---
25.5s 146 
25.5s 147 [Factor: 60% of Majority Class Patches in Training Set]
25.5s 148 > Running Fold 1/5 (Splitting by Image ID)...
25.5s 149 Train Set Size (Undersampled): Good (0)=10001, Defects (1-4)=1763
26.0s 150 Downloading: "https://download.pytorch.org/models/resnet50-11ad3fa6.pth" to /root/.cache/torch/hub/checkpoints/resnet50-11ad3fa6.pth
26.7s 151 0%|          | 0.00/97.8M [00:00<?, ?B/s]  1%|          | 896k/97.8M [00:00<00:11, 9.03MB/s] 13%|█▎        | 13.0M/97.8M [00:00<00:01, 77.8MB/s] 31%|███       | 30.4M/97.8M [00:00<00:00, 125MB/s]  49%|████▉     | 47.8M/97.8M [00:00<00:00, 147MB/s] 67%|██████▋   | 65.1M/97.8M [00:00<00:00, 159MB/s] 84%|████████▍ | 82.5M/97.8M [00:00<00:00, 167MB/s]100%|██████████| 97.8M/97.8M [00:00<00:00, 148MB/s]
169.0s 152 Epoch 1/30: Train Loss=0.5487 | Val Acc=0.8741 | Val F1 (W)=0.8769 | Val F1 (M)=0.3524
267.9s 153 Epoch 2/30: Train Loss=0.4104 | Val Acc=0.9286 | Val F1 (W)=0.9234 | Val F1 (M)=0.5773
365.5s 154 Epoch 3/30: Train Loss=0.3560 | Val Acc=0.9334 | Val F1 (W)=0.9229 | Val F1 (M)=0.5590
463.5s 155 Epoch 4/30: Train Loss=0.3165 | Val Acc=0.9375 | Val F1 (W)=0.9292 | Val F1 (M)=0.6055
561.8s 156 Epoch 5/30: Train Loss=0.2943 | Val Acc=0.9427 | Val F1 (W)=0.9389 | Val F1 (M)=0.6452
660.0s 157 Epoch 6/30: Train Loss=0.2726 | Val Acc=0.9497 | Val F1 (W)=0.9431 | Val F1 (M)=0.6581
758.1s 158 Epoch 7/30: Train Loss=0.2578 | Val Acc=0.9549 | Val F1 (W)=0.9525 | Val F1 (M)=0.7420
855.9s 159 Epoch 8/30: Train Loss=0.2375 | Val Acc=0.9525 | Val F1 (W)=0.9485 | Val F1 (M)=0.7112
954.0s 160 Epoch 9/30: Train Loss=0.2285 | Val Acc=0.9518 | Val F1 (W)=0.9502 | Val F1 (M)=0.7196
1052.3s 161 Epoch 10/30: Train Loss=0.2141 | Val Acc=0.9533 | Val F1 (W)=0.9533 | Val F1 (M)=0.7433
1150.3s 162 Epoch 11/30: Train Loss=0.1989 | Val Acc=0.9444 | Val F1 (W)=0.9415 | Val F1 (M)=0.6593
1248.9s 163 Epoch 12/30: Train Loss=0.1993 | Val Acc=0.9564 | Val F1 (W)=0.9528 | Val F1 (M)=0.7484
1347.1s 164 Epoch 13/30: Train Loss=0.1916 | Val Acc=0.9136 | Val F1 (W)=0.9281 | Val F1 (M)=0.6798
1445.2s 165 Epoch 14/30: Train Loss=0.1850 | Val Acc=0.9622 | Val F1 (W)=0.9616 | Val F1 (M)=0.7938
1543.9s 166 Epoch 15/30: Train Loss=0.1853 | Val Acc=0.9601 | Val F1 (W)=0.9598 | Val F1 (M)=0.7848
1643.9s 167 Epoch 16/30: Train Loss=0.1789 | Val Acc=0.9536 | Val F1 (W)=0.9548 | Val F1 (M)=0.7653
1742.9s 168 Epoch 17/30: Train Loss=0.1639 | Val Acc=0.9642 | Val F1 (W)=0.9631 | Val F1 (M)=0.7875
1842.7s 169 Epoch 18/30: Train Loss=0.1635 | Val Acc=0.9635 | Val F1 (W)=0.9629 | Val F1 (M)=0.7940
1942.4s 170 Epoch 19/30: Train Loss=0.1686 | Val Acc=0.9657 | Val F1 (W)=0.9644 | Val F1 (M)=0.7954
2041.0s 171 Epoch 20/30: Train Loss=0.1537 | Val Acc=0.9661 | Val F1 (W)=0.9648 | Val F1 (M)=0.8060
2139.3s 172 Epoch 21/30: Train Loss=0.1515 | Val Acc=0.9633 | Val F1 (W)=0.9630 | Val F1 (M)=0.7980
2237.7s 173 Epoch 22/30: Train Loss=0.1431 | Val Acc=0.9631 | Val F1 (W)=0.9611 | Val F1 (M)=0.7877
2337.1s 174 Epoch 23/30: Train Loss=0.1385 | Val Acc=0.9668 | Val F1 (W)=0.9653 | Val F1 (M)=0.8053
2435.8s 175 Epoch 24/30: Train Loss=0.1391 | Val Acc=0.9629 | Val F1 (W)=0.9633 | Val F1 (M)=0.8020
2533.8s 176 Epoch 25/30: Train Loss=0.1396 | Val Acc=0.9625 | Val F1 (W)=0.9620 | Val F1 (M)=0.7960
2632.0s 177 Epoch 26/30: Train Loss=0.1309 | Val Acc=0.9668 | Val F1 (W)=0.9653 | Val F1 (M)=0.8097
2729.9s 178 Epoch 27/30: Train Loss=0.1275 | Val Acc=0.9666 | Val F1 (W)=0.9665 | Val F1 (M)=0.8147
2828.4s 179 Epoch 28/30: Train Loss=0.1307 | Val Acc=0.9668 | Val F1 (W)=0.9667 | Val F1 (M)=0.8147
2927.3s 180 Epoch 29/30: Train Loss=0.1254 | Val Acc=0.9679 | Val F1 (W)=0.9675 | Val F1 (M)=0.8301
3027.6s 181 Epoch 30/30: Train Loss=0.1225 | Val Acc=0.9681 | Val F1 (W)=0.9680 | Val F1 (M)=0.8268
3027.6s 182 Fold 1 Results: Val Acc=0.9681, Val F1 (W)=0.9680, Val F1 (M)=0.8268, Train Time=3000.4s
3027.6s 183 > Running Fold 2/5 (Splitting by Image ID)...
3027.6s 184 Train Set Size (Undersampled): Good (0)=9950, Defects (1-4)=1848
3144.8s 185 Epoch 1/30: Train Loss=0.5758 | Val Acc=0.9308 | Val F1 (W)=0.9083 | Val F1 (M)=0.3515
3243.3s 186 Epoch 2/30: Train Loss=0.4491 | Val Acc=0.9403 | Val F1 (W)=0.9316 | Val F1 (M)=0.4983
3342.1s 187 Epoch 3/30: Train Loss=0.3880 | Val Acc=0.9434 | Val F1 (W)=0.9307 | Val F1 (M)=0.4309
3441.0s 188 Epoch 4/30: Train Loss=0.3417 | Val Acc=0.9477 | Val F1 (W)=0.9468 | Val F1 (M)=0.6173
3539.5s 189 Epoch 5/30: Train Loss=0.3145 | Val Acc=0.9542 | Val F1 (W)=0.9510 | Val F1 (M)=0.6501
3637.8s 190 Epoch 6/30: Train Loss=0.2849 | Val Acc=0.9212 | Val F1 (W)=0.9360 | Val F1 (M)=0.6331
3736.4s 191 Epoch 7/30: Train Loss=0.2710 | Val Acc=0.9453 | Val F1 (W)=0.9460 | Val F1 (M)=0.6641
3834.7s 192 Epoch 8/30: Train Loss=0.2498 | Val Acc=0.9566 | Val F1 (W)=0.9559 | Val F1 (M)=0.6826
3933.4s 193 Epoch 9/30: Train Loss=0.2411 | Val Acc=0.9614 | Val F1 (W)=0.9610 | Val F1 (M)=0.7415
4032.3s 194 Epoch 10/30: Train Loss=0.2156 | Val Acc=0.9596 | Val F1 (W)=0.9615 | Val F1 (M)=0.7358
4132.6s 195 Epoch 11/30: Train Loss=0.2148 | Val Acc=0.9646 | Val F1 (W)=0.9641 | Val F1 (M)=0.7540
4231.8s 196 Epoch 12/30: Train Loss=0.1996 | Val Acc=0.9566 | Val F1 (W)=0.9583 | Val F1 (M)=0.7216
4330.8s 197 Epoch 13/30: Train Loss=0.2000 | Val Acc=0.9644 | Val F1 (W)=0.9629 | Val F1 (M)=0.7511
4429.7s 198 Epoch 14/30: Train Loss=0.1905 | Val Acc=0.9685 | Val F1 (W)=0.9677 | Val F1 (M)=0.7843
4529.7s 199 Epoch 15/30: Train Loss=0.1843 | Val Acc=0.9620 | Val F1 (W)=0.9625 | Val F1 (M)=0.7554
4628.8s 200 Epoch 16/30: Train Loss=0.1823 | Val Acc=0.9672 | Val F1 (W)=0.9651 | Val F1 (M)=0.7525
4727.6s 201 Epoch 17/30: Train Loss=0.1781 | Val Acc=0.9727 | Val F1 (W)=0.9714 | Val F1 (M)=0.8027
4826.6s 202 Epoch 18/30: Train Loss=0.1677 | Val Acc=0.9668 | Val F1 (W)=0.9670 | Val F1 (M)=0.7905
4925.2s 203 Epoch 19/30: Train Loss=0.1690 | Val Acc=0.9690 | Val F1 (W)=0.9686 | Val F1 (M)=0.7883
5023.3s 204 Epoch 20/30: Train Loss=0.1541 | Val Acc=0.9683 | Val F1 (W)=0.9685 | Val F1 (M)=0.7981
5121.9s 205 Epoch 21/30: Train Loss=0.1595 | Val Acc=0.9696 | Val F1 (W)=0.9687 | Val F1 (M)=0.7684
5220.9s 206 Epoch 22/30: Train Loss=0.1495 | Val Acc=0.9705 | Val F1 (W)=0.9697 | Val F1 (M)=0.7781
5318.7s 207 Epoch 23/30: Train Loss=0.1420 | Val Acc=0.9672 | Val F1 (W)=0.9661 | Val F1 (M)=0.7830
5416.6s 208 Epoch 24/30: Train Loss=0.1422 | Val Acc=0.9616 | Val F1 (W)=0.9630 | Val F1 (M)=0.7514
5513.8s 209 Epoch 25/30: Train Loss=0.1394 | Val Acc=0.9664 | Val F1 (W)=0.9664 | Val F1 (M)=0.7780
5611.2s 210 Epoch 26/30: Train Loss=0.1367 | Val Acc=0.9722 | Val F1 (W)=0.9712 | Val F1 (M)=0.8129
5708.8s 211 Epoch 27/30: Train Loss=0.1362 | Val Acc=0.9714 | Val F1 (W)=0.9712 | Val F1 (M)=0.8073
5808.4s 212 Epoch 28/30: Train Loss=0.1297 | Val Acc=0.9731 | Val F1 (W)=0.9734 | Val F1 (M)=0.8201
5907.4s 213 Epoch 29/30: Train Loss=0.1299 | Val Acc=0.9685 | Val F1 (W)=0.9690 | Val F1 (M)=0.8014
6005.3s 214 Epoch 30/30: Train Loss=0.1240 | Val Acc=0.9688 | Val F1 (W)=0.9689 | Val F1 (M)=0.8048
6005.3s 215 Fold 2 Results: Val Acc=0.9688, Val F1 (W)=0.9689, Val F1 (M)=0.8048, Train Time=2977.2s
6005.3s 216 > Running Fold 3/5 (Splitting by Image ID)...
6005.3s 217 Train Set Size (Undersampled): Good (0)=10011, Defects (1-4)=1747
6109.4s 218 Epoch 1/30: Train Loss=0.5535 | Val Acc=0.9221 | Val F1 (W)=0.9022 | Val F1 (M)=0.3755
6206.9s 219 Epoch 2/30: Train Loss=0.4457 | Val Acc=0.9338 | Val F1 (W)=0.9236 | Val F1 (M)=0.5514
6304.3s 220 Epoch 3/30: Train Loss=0.3937 | Val Acc=0.9425 | Val F1 (W)=0.9364 | Val F1 (M)=0.6009
6401.5s 221 Epoch 4/30: Train Loss=0.3590 | Val Acc=0.9477 | Val F1 (W)=0.9460 | Val F1 (M)=0.6877
6500.2s 222 Epoch 5/30: Train Loss=0.3322 | Val Acc=0.9464 | Val F1 (W)=0.9444 | Val F1 (M)=0.6676
6598.1s 223 Epoch 6/30: Train Loss=0.3158 | Val Acc=0.9566 | Val F1 (W)=0.9535 | Val F1 (M)=0.7227
6695.9s 224 Epoch 7/30: Train Loss=0.2922 | Val Acc=0.9505 | Val F1 (W)=0.9462 | Val F1 (M)=0.7169
6793.8s 225 Epoch 8/30: Train Loss=0.2813 | Val Acc=0.9557 | Val F1 (W)=0.9536 | Val F1 (M)=0.7310
6891.8s 226 Epoch 9/30: Train Loss=0.2495 | Val Acc=0.9568 | Val F1 (W)=0.9578 | Val F1 (M)=0.7757
6990.9s 227 Epoch 10/30: Train Loss=0.2397 | Val Acc=0.9638 | Val F1 (W)=0.9625 | Val F1 (M)=0.7971
7091.0s 228 Epoch 11/30: Train Loss=0.2254 | Val Acc=0.9679 | Val F1 (W)=0.9666 | Val F1 (M)=0.8185
7189.1s 229 Epoch 12/30: Train Loss=0.2199 | Val Acc=0.9627 | Val F1 (W)=0.9625 | Val F1 (M)=0.7890
7286.7s 230 Epoch 13/30: Train Loss=0.2119 | Val Acc=0.9694 | Val F1 (W)=0.9683 | Val F1 (M)=0.8320
7384.3s 231 Epoch 14/30: Train Loss=0.2024 | Val Acc=0.9714 | Val F1 (W)=0.9699 | Val F1 (M)=0.8373
7482.4s 232 Epoch 15/30: Train Loss=0.1929 | Val Acc=0.9646 | Val F1 (W)=0.9620 | Val F1 (M)=0.7495
7580.1s 233 Epoch 16/30: Train Loss=0.1874 | Val Acc=0.9646 | Val F1 (W)=0.9623 | Val F1 (M)=0.7824
7677.9s 234 Epoch 17/30: Train Loss=0.1850 | Val Acc=0.9670 | Val F1 (W)=0.9655 | Val F1 (M)=0.7834
7776.0s 235 Epoch 18/30: Train Loss=0.1765 | Val Acc=0.9692 | Val F1 (W)=0.9678 | Val F1 (M)=0.8161
7874.3s 236 Epoch 19/30: Train Loss=0.1664 | Val Acc=0.9705 | Val F1 (W)=0.9693 | Val F1 (M)=0.8315
7972.5s 237 Epoch 20/30: Train Loss=0.1669 | Val Acc=0.9679 | Val F1 (W)=0.9676 | Val F1 (M)=0.8201
8070.4s 238 Epoch 21/30: Train Loss=0.1557 | Val Acc=0.9733 | Val F1 (W)=0.9734 | Val F1 (M)=0.8600
8168.7s 239 Epoch 22/30: Train Loss=0.1583 | Val Acc=0.9729 | Val F1 (W)=0.9724 | Val F1 (M)=0.8498
8267.1s 240 Epoch 23/30: Train Loss=0.1490 | Val Acc=0.9729 | Val F1 (W)=0.9724 | Val F1 (M)=0.8402
8365.2s 241 Epoch 24/30: Train Loss=0.1462 | Val Acc=0.9659 | Val F1 (W)=0.9656 | Val F1 (M)=0.8218
8462.7s 242 Epoch 25/30: Train Loss=0.1380 | Val Acc=0.9727 | Val F1 (W)=0.9719 | Val F1 (M)=0.8420
8560.9s 243 Epoch 26/30: Train Loss=0.1393 | Val Acc=0.9742 | Val F1 (W)=0.9738 | Val F1 (M)=0.8624
8659.6s 244 Epoch 27/30: Train Loss=0.1351 | Val Acc=0.9737 | Val F1 (W)=0.9730 | Val F1 (M)=0.8605
8757.3s 245 Epoch 28/30: Train Loss=0.1409 | Val Acc=0.9714 | Val F1 (W)=0.9706 | Val F1 (M)=0.8566
8855.5s 246 Epoch 29/30: Train Loss=0.1292 | Val Acc=0.9753 | Val F1 (W)=0.9747 | Val F1 (M)=0.8654
8953.3s 247 Epoch 30/30: Train Loss=0.1342 | Val Acc=0.9694 | Val F1 (W)=0.9692 | Val F1 (M)=0.8490
8953.3s 248 Fold 3 Results: Val Acc=0.9694, Val F1 (W)=0.9692, Val F1 (M)=0.8490, Train Time=2947.6s
8953.3s 249 > Running Fold 4/5 (Splitting by Image ID)...
8953.3s 250 Train Set Size (Undersampled): Good (0)=10007, Defects (1-4)=1753
9054.2s 251 Epoch 1/30: Train Loss=0.5643 | Val Acc=0.9112 | Val F1 (W)=0.8853 | Val F1 (M)=0.3136
9152.1s 252 Epoch 2/30: Train Loss=0.4439 | Val Acc=0.9345 | Val F1 (W)=0.9307 | Val F1 (M)=0.5674
9249.9s 253 Epoch 3/30: Train Loss=0.3959 | Val Acc=0.9466 | Val F1 (W)=0.9381 | Val F1 (M)=0.6761
9347.8s 254 Epoch 4/30: Train Loss=0.3452 | Val Acc=0.9451 | Val F1 (W)=0.9416 | Val F1 (M)=0.6824
9445.6s 255 Epoch 5/30: Train Loss=0.3204 | Val Acc=0.9544 | Val F1 (W)=0.9498 | Val F1 (M)=0.7209
9543.5s 256 Epoch 6/30: Train Loss=0.2951 | Val Acc=0.9557 | Val F1 (W)=0.9547 | Val F1 (M)=0.7075
9642.5s 257 Epoch 7/30: Train Loss=0.2771 | Val Acc=0.9568 | Val F1 (W)=0.9564 | Val F1 (M)=0.7718
9742.9s 258 Epoch 8/30: Train Loss=0.2678 | Val Acc=0.9657 | Val F1 (W)=0.9633 | Val F1 (M)=0.7911
9845.3s 259 Epoch 9/30: Train Loss=0.2405 | Val Acc=0.9564 | Val F1 (W)=0.9562 | Val F1 (M)=0.7458
9944.4s 260 Epoch 10/30: Train Loss=0.2362 | Val Acc=0.9655 | Val F1 (W)=0.9654 | Val F1 (M)=0.7893
10042.8s 261 Epoch 11/30: Train Loss=0.2237 | Val Acc=0.9677 | Val F1 (W)=0.9669 | Val F1 (M)=0.8083
10142.2s 262 Epoch 12/30: Train Loss=0.2214 | Val Acc=0.9685 | Val F1 (W)=0.9675 | Val F1 (M)=0.8156
10241.2s 263 Epoch 13/30: Train Loss=0.2106 | Val Acc=0.9703 | Val F1 (W)=0.9696 | Val F1 (M)=0.8284
10340.1s 264 Epoch 14/30: Train Loss=0.2011 | Val Acc=0.9651 | Val F1 (W)=0.9649 | Val F1 (M)=0.7942
10438.9s 265 Epoch 15/30: Train Loss=0.2015 | Val Acc=0.9733 | Val F1 (W)=0.9727 | Val F1 (M)=0.8508
10537.5s 266 Epoch 16/30: Train Loss=0.1868 | Val Acc=0.9670 | Val F1 (W)=0.9676 | Val F1 (M)=0.8483
10636.6s 267 Epoch 17/30: Train Loss=0.1841 | Val Acc=0.9763 | Val F1 (W)=0.9760 | Val F1 (M)=0.8599
10735.7s 268 Epoch 18/30: Train Loss=0.1760 | Val Acc=0.9551 | Val F1 (W)=0.9570 | Val F1 (M)=0.7398
10834.9s 269 Epoch 19/30: Train Loss=0.1676 | Val Acc=0.9703 | Val F1 (W)=0.9702 | Val F1 (M)=0.8391
10934.1s 270 Epoch 20/30: Train Loss=0.1624 | Val Acc=0.9677 | Val F1 (W)=0.9690 | Val F1 (M)=0.8432
11033.6s 271 Epoch 21/30: Train Loss=0.1551 | Val Acc=0.9750 | Val F1 (W)=0.9750 | Val F1 (M)=0.8740
11132.8s 272 Epoch 22/30: Train Loss=0.1554 | Val Acc=0.9499 | Val F1 (W)=0.9535 | Val F1 (M)=0.8025
11233.7s 273 Epoch 23/30: Train Loss=0.1515 | Val Acc=0.9779 | Val F1 (W)=0.9778 | Val F1 (M)=0.8704
11334.3s 274 Epoch 24/30: Train Loss=0.1457 | Val Acc=0.9705 | Val F1 (W)=0.9711 | Val F1 (M)=0.8162
11433.0s 275 Epoch 25/30: Train Loss=0.1458 | Val Acc=0.9776 | Val F1 (W)=0.9776 | Val F1 (M)=0.8930
11531.6s 276 Epoch 26/30: Train Loss=0.1380 | Val Acc=0.9677 | Val F1 (W)=0.9688 | Val F1 (M)=0.8450
11630.1s 277 Epoch 27/30: Train Loss=0.1398 | Val Acc=0.9692 | Val F1 (W)=0.9703 | Val F1 (M)=0.8431
11728.5s 278 Epoch 28/30: Train Loss=0.1332 | Val Acc=0.9714 | Val F1 (W)=0.9713 | Val F1 (M)=0.8419
11826.1s 279 Epoch 29/30: Train Loss=0.1312 | Val Acc=0.9779 | Val F1 (W)=0.9773 | Val F1 (M)=0.8771
11923.9s 280 Epoch 30/30: Train Loss=0.1304 | Val Acc=0.9553 | Val F1 (W)=0.9583 | Val F1 (M)=0.8060
11923.9s 281 Fold 4 Results: Val Acc=0.9553, Val F1 (W)=0.9583, Val F1 (M)=0.8060, Train Time=2970.1s
11923.9s 282 > Running Fold 5/5 (Splitting by Image ID)...
11923.9s 283 Train Set Size (Undersampled): Good (0)=10017, Defects (1-4)=1737
12023.2s 284 Epoch 1/30: Train Loss=0.5412 | Val Acc=0.9180 | Val F1 (W)=0.9035 | Val F1 (M)=0.4817
12121.2s 285 Epoch 2/30: Train Loss=0.3990 | Val Acc=0.9323 | Val F1 (W)=0.9170 | Val F1 (M)=0.6029
12219.0s 286 Epoch 3/30: Train Loss=0.3496 | Val Acc=0.9436 | Val F1 (W)=0.9374 | Val F1 (M)=0.6750
12316.9s 287 Epoch 4/30: Train Loss=0.3065 | Val Acc=0.9444 | Val F1 (W)=0.9429 | Val F1 (M)=0.6887
12414.7s 288 Epoch 5/30: Train Loss=0.2946 | Val Acc=0.9514 | Val F1 (W)=0.9467 | Val F1 (M)=0.7276
12512.7s 289 Epoch 6/30: Train Loss=0.2575 | Val Acc=0.9416 | Val F1 (W)=0.9417 | Val F1 (M)=0.6795
12610.6s 290 Epoch 7/30: Train Loss=0.2472 | Val Acc=0.9599 | Val F1 (W)=0.9586 | Val F1 (M)=0.7696
12709.8s 291 Epoch 8/30: Train Loss=0.2284 | Val Acc=0.9609 | Val F1 (W)=0.9599 | Val F1 (M)=0.7900
12809.0s 292 Epoch 9/30: Train Loss=0.2264 | Val Acc=0.9622 | Val F1 (W)=0.9603 | Val F1 (M)=0.7841
12907.8s 293 Epoch 10/30: Train Loss=0.2147 | Val Acc=0.9590 | Val F1 (W)=0.9555 | Val F1 (M)=0.7722
13005.6s 294 Epoch 11/30: Train Loss=0.1967 | Val Acc=0.9616 | Val F1 (W)=0.9583 | Val F1 (M)=0.7859
13103.7s 295 Epoch 12/30: Train Loss=0.1919 | Val Acc=0.9635 | Val F1 (W)=0.9633 | Val F1 (M)=0.8105
13201.6s 296 Epoch 13/30: Train Loss=0.1891 | Val Acc=0.9627 | Val F1 (W)=0.9623 | Val F1 (M)=0.7786
13299.8s 297 Epoch 14/30: Train Loss=0.1753 | Val Acc=0.9520 | Val F1 (W)=0.9524 | Val F1 (M)=0.7757
13397.3s 298 Epoch 15/30: Train Loss=0.1760 | Val Acc=0.9674 | Val F1 (W)=0.9666 | Val F1 (M)=0.8223
13494.7s 299 Epoch 16/30: Train Loss=0.1711 | Val Acc=0.9646 | Val F1 (W)=0.9623 | Val F1 (M)=0.7746
13591.8s 300 Epoch 17/30: Train Loss=0.1656 | Val Acc=0.9640 | Val F1 (W)=0.9634 | Val F1 (M)=0.7958
13688.9s 301 Epoch 18/30: Train Loss=0.1564 | Val Acc=0.9657 | Val F1 (W)=0.9648 | Val F1 (M)=0.7965
13786.4s 302 Epoch 19/30: Train Loss=0.1499 | Val Acc=0.9685 | Val F1 (W)=0.9669 | Val F1 (M)=0.8377
13884.2s 303 Epoch 20/30: Train Loss=0.1494 | Val Acc=0.9681 | Val F1 (W)=0.9666 | Val F1 (M)=0.8254
13982.1s 304 Epoch 21/30: Train Loss=0.1549 | Val Acc=0.9525 | Val F1 (W)=0.9534 | Val F1 (M)=0.7920
14079.7s 305 Epoch 22/30: Train Loss=0.1356 | Val Acc=0.9633 | Val F1 (W)=0.9629 | Val F1 (M)=0.7859
14178.1s 306 Epoch 23/30: Train Loss=0.1354 | Val Acc=0.9707 | Val F1 (W)=0.9703 | Val F1 (M)=0.8346
14275.7s 307 Epoch 24/30: Train Loss=0.1292 | Val Acc=0.9729 | Val F1 (W)=0.9719 | Val F1 (M)=0.8536
14373.2s 308 Epoch 25/30: Train Loss=0.1360 | Val Acc=0.9729 | Val F1 (W)=0.9724 | Val F1 (M)=0.8464
14470.5s 309 Epoch 26/30: Train Loss=0.1355 | Val Acc=0.9714 | Val F1 (W)=0.9713 | Val F1 (M)=0.8556
14567.8s 310 Epoch 27/30: Train Loss=0.1323 | Val Acc=0.9714 | Val F1 (W)=0.9707 | Val F1 (M)=0.8438
14665.1s 311 Epoch 28/30: Train Loss=0.1228 | Val Acc=0.9744 | Val F1 (W)=0.9734 | Val F1 (M)=0.8654
14762.5s 312 Epoch 29/30: Train Loss=0.1221 | Val Acc=0.9727 | Val F1 (W)=0.9717 | Val F1 (M)=0.8547
14859.7s 313 Epoch 30/30: Train Loss=0.1134 | Val Acc=0.9729 | Val F1 (W)=0.9716 | Val F1 (M)=0.8647
14859.7s 314 Fold 5 Results: Val Acc=0.9729, Val F1 (W)=0.9716, Val F1 (M)=0.8647, Train Time=2935.3s
14859.7s 315 
14859.7s 316 >>> Running Final Evaluation on DEDICATED TEST SET (Unseen Data)...
14881.2s 317 DEDICATED TEST SET RESULTS: Acc=0.9762, F1 (W)=0.9752, F1 (M)=0.8608
14881.2s 318 Results saved to: /kaggle/working/results_factor_60.json
14881.2s 319 
14881.2s 320 [Factor: 60%] SUMMARY: Avg. Val F1 (W)=0.9672 | Avg. Val F1 (M)=0.8302 | Avg. Time=2966.1s | Final Test F1 (W)=0.9752 | Final Test F1 (M)=0.8608
14881.2s 321 
14881.2s 322 --- FINAL EXPERIMENT SUMMARY ---
14881.2s 323 |   Factor (%) |   Avg Validation Accuracy |   Avg Validation F1 (W) |   Avg Validation F1 (M) |   Avg Train Time (s) |   Final Test Accuracy |   Final Test F1 (W) |   Final Test F1 (M) |
14881.2s 324 |-------------:|--------------------------:|------------------------:|------------------------:|---------------------:|----------------------:|--------------------:|--------------------:|
14881.2s 325 |           60 |                  0.966884 |                0.967189 |                0.830243 |              2966.13 |              0.976172 |            0.975233 |            0.860789 |
14885.4s 326 /usr/local/lib/python3.11/dist-packages/traitlets/traitlets.py:2915: FutureWarning: --Exporter.preprocessors=["remove_papermill_header.RemovePapermillHeader"] for containers is deprecated in traitlets 5.0. You can pass `--Exporter.preprocessors item` ... multiple times to add items to a list.
14885.4s 327 warn(
14885.5s 328 [NbConvertApp] Converting notebook __notebook__.ipynb to notebook
14885.8s 329 [NbConvertApp] Writing 229018 bytes to __notebook__.ipynb
14887.0s 330 /usr/local/lib/python3.11/dist-packages/traitlets/traitlets.py:2915: FutureWarning: --Exporter.preprocessors=["nbconvert.preprocessors.ExtractOutputPreprocessor"] for containers is deprecated in traitlets 5.0. You can pass `--Exporter.preprocessors item` ... multiple times to add items to a list.
14887.0s 331 warn(
14887.0s 332 [NbConvertApp] Converting notebook __notebook__.ipynb to html
14887.8s 333 [NbConvertApp] Support files will be in __results___files/
14887.8s 334 [NbConvertApp] Making directory __results___files
14887.8s 335 [NbConvertApp] Making directory __results___files
14887.8s 336 [NbConvertApp] Writing 404698 bytes to __results__.html