5.9s 1 0.00s - Debugger warning: It seems that frozen modules are being used, which may
5.9s 2 0.00s - make the debugger miss breakpoints. Please pass -Xfrozen_modules=off
5.9s 3 0.00s - to python to disable frozen modules.
5.9s 4 0.00s - Note: Debugging will proceed. Set PYDEVD_DISABLE_FILE_VALIDATION=1 to disable this validation.
6.6s 5 0.00s - Debugger warning: It seems that frozen modules are being used, which may
6.6s 6 0.00s - make the debugger miss breakpoints. Please pass -Xfrozen_modules=off
6.6s 7 0.00s - to python to disable frozen modules.
6.6s 8 0.00s - Note: Debugging will proceed. Set PYDEVD_DISABLE_FILE_VALIDATION=1 to disable this validation.
8.8s 9 Sun Sep 28 22:23:52 2025
8.8s 10 +-----------------------------------------------------------------------------------------+
8.8s 11 | NVIDIA-SMI 560.35.03              Driver Version: 560.35.03      CUDA Version: 12.6     |
8.8s 12 |-----------------------------------------+------------------------+----------------------+
8.8s 13 | GPU  Name                 Persistence-M | Bus-Id          Disp.A | Volatile Uncorr. ECC |
8.8s 14 | Fan  Temp   Perf          Pwr:Usage/Cap |           Memory-Usage | GPU-Util  Compute M. |
8.8s 15 |                                         |                        |               MIG M. |
8.8s 16 |=========================================+========================+======================|
8.8s 17 |   0  Tesla P100-PCIE-16GB           Off |   00000000:00:04.0 Off |                    0 |
8.8s 18 | N/A   40C    P0             25W /  250W |       0MiB /  16384MiB |      0%      Default |
8.8s 19 |                                         |                        |                  N/A |
8.8s 20 +-----------------------------------------+------------------------+----------------------+
8.8s 21 
8.8s 22 +-----------------------------------------------------------------------------------------+
8.8s 23 | Processes:                                                                              |
8.8s 24 |  GPU   GI   CI        PID   Type   Process name                              GPU Memory |
8.8s 25 |        ID   ID                                                               Usage      |
8.8s 26 |=========================================================================================|
8.8s 27 |  No running processes found                                                             |
8.8s 28 +-----------------------------------------------------------------------------------------+
9.0s 29 Architecture:             x86_64
9.0s 30 CPU op-mode(s):         32-bit, 64-bit
9.0s 31 Address sizes:          46 bits physical, 48 bits virtual
9.0s 32 Byte Order:             Little Endian
9.0s 33 CPU(s):                   4
9.0s 34 On-line CPU(s) list:    0-3
9.0s 35 Vendor ID:                GenuineIntel
9.0s 36 Model name:             Intel(R) Xeon(R) CPU @ 2.00GHz
9.0s 37 CPU family:           6
9.0s 38 Model:                85
9.0s 39 Thread(s) per core:   2
9.0s 40 Core(s) per socket:   2
9.0s 41 Socket(s):            1
9.0s 42 Stepping:             3
9.0s 43 BogoMIPS:             4000.28
9.0s 44 Flags:                fpu vme de pse tsc msr pae mce cx8 apic sep mtrr pge m
9.0s 45 ca cmov pat pse36 clflush mmx fxsr sse sse2 ss ht sysc
9.0s 46 all nx pdpe1gb rdtscp lm constant_tsc rep_good nopl xt
9.0s 47 opology nonstop_tsc cpuid tsc_known_freq pni pclmulqdq
9.0s 48 ssse3 fma cx16 pcid sse4_1 sse4_2 x2apic movbe popcnt
9.0s 49 aes xsave avx f16c rdrand hypervisor lahf_lm abm 3dno
9.0s 50 wprefetch pti ssbd ibrs ibpb stibp fsgsbase tsc_adjust
9.0s 51 bmi1 hle avx2 smep bmi2 erms invpcid rtm mpx avx512f
9.0s 52 avx512dq rdseed adx smap clflushopt clwb avx512cd avx5
9.0s 53 12bw avx512vl xsaveopt xsavec xgetbv1 xsaves arat md_c
9.0s 54 lear arch_capabilities
9.0s 55 Virtualization features:
9.0s 56 Hypervisor vendor:      KVM
9.0s 57 Virtualization type:    full
9.0s 58 Caches (sum of all):
9.0s 59 L1d:                    64 KiB (2 instances)
9.0s 60 L1i:                    64 KiB (2 instances)
9.0s 61 L2:                     2 MiB (2 instances)
9.0s 62 L3:                     38.5 MiB (1 instance)
9.0s 63 NUMA:
9.0s 64 NUMA node(s):           1
9.0s 65 NUMA node0 CPU(s):      0-3
9.0s 66 Vulnerabilities:
9.0s 67 Gather data sampling:   Not affected
9.0s 68 Itlb multihit:          Not affected
9.0s 69 L1tf:                   Mitigation; PTE Inversion
9.0s 70 Mds:                    Mitigation; Clear CPU buffers; SMT Host state unknown
9.0s 71 Meltdown:               Mitigation; PTI
9.0s 72 Mmio stale data:        Vulnerable: Clear CPU buffers attempted, no microcode;
9.0s 73 SMT Host state unknown
9.0s 74 Reg file data sampling: Not affected
9.0s 75 Retbleed:               Mitigation; IBRS
9.0s 76 Spec rstack overflow:   Not affected
9.0s 77 Spec store bypass:      Mitigation; Speculative Store Bypass disabled via prct
9.0s 78 l
9.0s 79 Spectre v1:             Mitigation; usercopy/swapgs barriers and __user pointe
9.0s 80 r sanitization
9.0s 81 Spectre v2:             Mitigation; IBRS; IBPB conditional; STIBP conditional;
9.0s 82 RSB filling; PBRSB-eIBRS Not affected; BHI SW loop, K
9.0s 83 VM SW loop
9.0s 84 Srbds:                  Not affected
9.0s 85 Tsx async abort:        Mitigation; Clear CPU buffers; SMT Host state unknown
9.1s 86 total        used        free      shared  buff/cache   available
9.1s 87 Mem:            31Gi       688Mi        23Gi       2.0Mi       7.1Gi        30Gi
9.1s 88 Swap:             0B          0B          0B
9.2s 89 PRETTY_NAME="Ubuntu 22.04.4 LTS"
9.2s 90 NAME="Ubuntu"
9.2s 91 VERSION_ID="22.04"
9.2s 92 VERSION="22.04.4 LTS (Jammy Jellyfish)"
9.2s 93 VERSION_CODENAME=jammy
9.2s 94 ID=ubuntu
9.2s 95 ID_LIKE=debian
9.2s 96 HOME_URL="https://www.ubuntu.com/"
9.2s 97 SUPPORT_URL="https://help.ubuntu.com/"
9.2s 98 BUG_REPORT_URL="https://bugs.launchpad.net/ubuntu/"
9.2s 99 PRIVACY_POLICY_URL="https://www.ubuntu.com/legal/terms-and-policies/privacy-policy"
9.2s 100 UBUNTU_CODENAME=jammy
9.4s 101 Filesystem                                                             Size  Used Avail Use% Mounted on
9.4s 102 overlay                                                                7.9T  6.3T  1.7T  80% /
9.4s 103 tmpfs                                                                   64M     0   64M   0% /dev
9.4s 104 shm                                                                     14G     0   14G   0% /dev/shm
9.4s 105 /dev/sdb1                                                              122G  4.7G  118G   4% /opt/bin
9.4s 106 /dev/loop1                                                              20G  188K   20G   1% /kaggle/lib
9.4s 107 192.168.7.2:/data/kagglesdsdata/datasets/3570200/6216738/dd332rhr5uuc   73T   55T   18T  76% /kaggle/input/tilda-400-64x64-patches
9.4s 108 /dev/mapper/snap                                                       7.9T  6.3T  1.7T  80% /etc/hosts
9.4s 109 tmpfs                                                                   16G     0   16G   0% /proc/acpi
9.4s 110 tmpfs                                                                   16G     0   16G   0% /proc/scsi
9.4s 111 tmpfs                                                                   16G     0   16G   0% /sys/firmware
23.6s 112 Random seed set as 42
23.6s 113 
23.8s 114 Random seed set as 42
23.8s 115 
24.1s 116 Total images found: 25600
24.1s 117 
24.1s 118 Original image count per class:
24.1s 119 good            23170
24.1s 120 objects           837
24.1s 121 oil spot          636
24.1s 122 thread error      620
24.1s 123 hole              337
24.1s 124 dtype: int64
24.7s 125 Random seed set as 42
24.7s 126 
24.7s 127 Random seed set as 42
24.7s 128 
24.8s 129 Random seed set as 42
24.8s 130 
24.9s 131 Random seed set as 42
24.9s 132 
24.9s 133 Random seed set as 42
24.9s 134 
25.0s 135 Real Data Loaded: 400 unique Image IDs and 25600 total patches.
25.0s 136 Initial Patch Split (Multi-class): Good (0)=23170, Defects (1-4)=2430.
25.0s 137 Image Stratification Split (Multi-class): good(0)=0, hole(1)=101, objects(2)=100, oil spot(3)=99, thread error(4)=100
25.0s 138 
25.0s 139 --- Initial Data Split (Non-Stratified) ---
25.0s 140 Total Image IDs: 400
25.0s 141 Dedicated Test Set Split (10%): 40 image IDs.
25.0s 142 K-Fold Train/Validation Pool: 360 image IDs.
25.0s 143 Dedicated Test Set Ready with 2560 patches for final evaluation.
25.0s 144 
25.0s 145 --- Starting Undersampling Experiment (Stratified K-Fold on IMAGE IDs) ---
25.0s 146 
25.0s 147 [Factor: 5% of Majority Class Patches in Training Set]
25.0s 148 > Running Fold 1/5 (Splitting by Image ID)...
25.0s 149 Train Set Size (Undersampled): Good (0)=833, Defects (1-4)=1763
25.4s 150 Downloading: "https://download.pytorch.org/models/resnet50-11ad3fa6.pth" to /root/.cache/torch/hub/checkpoints/resnet50-11ad3fa6.pth
25.9s 151 0%|          | 0.00/97.8M [00:00<?, ?B/s] 13%|█▎        | 13.1M/97.8M [00:00<00:00, 138MB/s] 37%|███▋      | 36.0M/97.8M [00:00<00:00, 197MB/s] 61%|██████    | 59.5M/97.8M [00:00<00:00, 219MB/s] 85%|████████▍ | 83.0M/97.8M [00:00<00:00, 229MB/s]100%|██████████| 97.8M/97.8M [00:00<00:00, 220MB/s]
108.9s 152 Epoch 1/30: Train Loss=1.5121 | Val Acc=0.6120 | Val F1 (W)=0.7095 | Val F1 (M)=0.2412
141.3s 153 Epoch 2/30: Train Loss=1.3084 | Val Acc=0.8431 | Val F1 (W)=0.8680 | Val F1 (M)=0.4633
174.1s 154 Epoch 3/30: Train Loss=1.1390 | Val Acc=0.8813 | Val F1 (W)=0.8928 | Val F1 (M)=0.5106
206.5s 155 Epoch 4/30: Train Loss=1.0713 | Val Acc=0.7836 | Val F1 (W)=0.8386 | Val F1 (M)=0.4816
239.2s 156 Epoch 5/30: Train Loss=0.9842 | Val Acc=0.9000 | Val F1 (W)=0.9086 | Val F1 (M)=0.5682
271.8s 157 Epoch 6/30: Train Loss=0.9130 | Val Acc=0.8563 | Val F1 (W)=0.8812 | Val F1 (M)=0.5293
304.5s 158 Epoch 7/30: Train Loss=0.8682 | Val Acc=0.7183 | Val F1 (W)=0.7943 | Val F1 (M)=0.4837
337.0s 159 Epoch 8/30: Train Loss=0.8049 | Val Acc=0.8711 | Val F1 (W)=0.8953 | Val F1 (M)=0.5675
369.6s 160 Epoch 9/30: Train Loss=0.7466 | Val Acc=0.8312 | Val F1 (W)=0.8674 | Val F1 (M)=0.5344
402.2s 161 Epoch 10/30: Train Loss=0.7152 | Val Acc=0.8874 | Val F1 (W)=0.9037 | Val F1 (M)=0.6173
434.8s 162 Epoch 11/30: Train Loss=0.6743 | Val Acc=0.9045 | Val F1 (W)=0.9173 | Val F1 (M)=0.6422
467.6s 163 Epoch 12/30: Train Loss=0.6543 | Val Acc=0.8954 | Val F1 (W)=0.9112 | Val F1 (M)=0.6437
500.2s 164 Epoch 13/30: Train Loss=0.6354 | Val Acc=0.9136 | Val F1 (W)=0.9256 | Val F1 (M)=0.6733
532.8s 165 Epoch 14/30: Train Loss=0.5870 | Val Acc=0.9089 | Val F1 (W)=0.9234 | Val F1 (M)=0.6871
565.3s 166 Epoch 15/30: Train Loss=0.5412 | Val Acc=0.9397 | Val F1 (W)=0.9429 | Val F1 (M)=0.7071
598.1s 167 Epoch 16/30: Train Loss=0.5615 | Val Acc=0.8934 | Val F1 (W)=0.9103 | Val F1 (M)=0.6355
630.7s 168 Epoch 17/30: Train Loss=0.5211 | Val Acc=0.9041 | Val F1 (W)=0.9182 | Val F1 (M)=0.6632
663.2s 169 Epoch 18/30: Train Loss=0.5016 | Val Acc=0.9362 | Val F1 (W)=0.9417 | Val F1 (M)=0.7312
695.8s 170 Epoch 19/30: Train Loss=0.4994 | Val Acc=0.8746 | Val F1 (W)=0.8999 | Val F1 (M)=0.6236
728.4s 171 Epoch 20/30: Train Loss=0.4938 | Val Acc=0.9325 | Val F1 (W)=0.9379 | Val F1 (M)=0.7179
761.2s 172 Epoch 21/30: Train Loss=0.4599 | Val Acc=0.9145 | Val F1 (W)=0.9257 | Val F1 (M)=0.6778
794.0s 173 Epoch 22/30: Train Loss=0.4897 | Val Acc=0.9405 | Val F1 (W)=0.9451 | Val F1 (M)=0.7358
826.7s 174 Epoch 23/30: Train Loss=0.4233 | Val Acc=0.9093 | Val F1 (W)=0.9218 | Val F1 (M)=0.6790
859.7s 175 Epoch 24/30: Train Loss=0.4421 | Val Acc=0.9301 | Val F1 (W)=0.9373 | Val F1 (M)=0.7313
892.8s 176 Epoch 25/30: Train Loss=0.4277 | Val Acc=0.9125 | Val F1 (W)=0.9244 | Val F1 (M)=0.6917
925.7s 177 Epoch 26/30: Train Loss=0.3888 | Val Acc=0.9197 | Val F1 (W)=0.9298 | Val F1 (M)=0.6949
958.8s 178 Epoch 27/30: Train Loss=0.3699 | Val Acc=0.9358 | Val F1 (W)=0.9407 | Val F1 (M)=0.7107
991.7s 179 Epoch 28/30: Train Loss=0.3782 | Val Acc=0.9062 | Val F1 (W)=0.9211 | Val F1 (M)=0.6847
1024.7s 180 Epoch 29/30: Train Loss=0.4003 | Val Acc=0.9366 | Val F1 (W)=0.9422 | Val F1 (M)=0.7307
1057.8s 181 Epoch 30/30: Train Loss=0.3734 | Val Acc=0.9132 | Val F1 (W)=0.9245 | Val F1 (M)=0.6679
1057.8s 182 Fold 1 Results: Val Acc=0.9132, Val F1 (W)=0.9245, Val F1 (M)=0.6679, Train Time=1031.4s
1057.8s 183 > Running Fold 2/5 (Splitting by Image ID)...
1057.8s 184 Train Set Size (Undersampled): Good (0)=829, Defects (1-4)=1848
1122.6s 185 Epoch 1/30: Train Loss=1.4980 | Val Acc=0.8092 | Val F1 (W)=0.8480 | Val F1 (M)=0.2762
1156.2s 186 Epoch 2/30: Train Loss=1.2721 | Val Acc=0.8362 | Val F1 (W)=0.8754 | Val F1 (M)=0.4585
1189.9s 187 Epoch 3/30: Train Loss=1.1208 | Val Acc=0.8906 | Val F1 (W)=0.9053 | Val F1 (M)=0.4584
1223.1s 188 Epoch 4/30: Train Loss=1.0285 | Val Acc=0.8997 | Val F1 (W)=0.9136 | Val F1 (M)=0.5287
1256.5s 189 Epoch 5/30: Train Loss=0.9350 | Val Acc=0.8757 | Val F1 (W)=0.9002 | Val F1 (M)=0.5116
1289.7s 190 Epoch 6/30: Train Loss=0.9163 | Val Acc=0.9143 | Val F1 (W)=0.9246 | Val F1 (M)=0.5378
1322.9s 191 Epoch 7/30: Train Loss=0.8274 | Val Acc=0.8466 | Val F1 (W)=0.8889 | Val F1 (M)=0.5735
1356.0s 192 Epoch 8/30: Train Loss=0.7871 | Val Acc=0.8841 | Val F1 (W)=0.9098 | Val F1 (M)=0.6172
1389.2s 193 Epoch 9/30: Train Loss=0.7449 | Val Acc=0.8637 | Val F1 (W)=0.8983 | Val F1 (M)=0.5889
1422.5s 194 Epoch 10/30: Train Loss=0.7293 | Val Acc=0.8943 | Val F1 (W)=0.9197 | Val F1 (M)=0.6494
1456.6s 195 Epoch 11/30: Train Loss=0.6647 | Val Acc=0.9128 | Val F1 (W)=0.9284 | Val F1 (M)=0.6208
1490.5s 196 Epoch 12/30: Train Loss=0.6484 | Val Acc=0.9119 | Val F1 (W)=0.9282 | Val F1 (M)=0.6584
1524.3s 197 Epoch 13/30: Train Loss=0.6338 | Val Acc=0.8600 | Val F1 (W)=0.8972 | Val F1 (M)=0.6011
1558.1s 198 Epoch 14/30: Train Loss=0.5979 | Val Acc=0.9444 | Val F1 (W)=0.9486 | Val F1 (M)=0.6664
1591.8s 199 Epoch 15/30: Train Loss=0.5665 | Val Acc=0.9164 | Val F1 (W)=0.9350 | Val F1 (M)=0.6827
1625.7s 200 Epoch 16/30: Train Loss=0.5209 | Val Acc=0.8822 | Val F1 (W)=0.9112 | Val F1 (M)=0.6405
1659.5s 201 Epoch 17/30: Train Loss=0.5282 | Val Acc=0.8934 | Val F1 (W)=0.9172 | Val F1 (M)=0.6378
1693.1s 202 Epoch 18/30: Train Loss=0.5140 | Val Acc=0.8989 | Val F1 (W)=0.9243 | Val F1 (M)=0.6673
1726.7s 203 Epoch 19/30: Train Loss=0.4848 | Val Acc=0.9158 | Val F1 (W)=0.9317 | Val F1 (M)=0.6785
1759.9s 204 Epoch 20/30: Train Loss=0.4644 | Val Acc=0.9260 | Val F1 (W)=0.9384 | Val F1 (M)=0.6809
1793.4s 205 Epoch 21/30: Train Loss=0.4501 | Val Acc=0.9204 | Val F1 (W)=0.9332 | Val F1 (M)=0.6646
1826.9s 206 Epoch 22/30: Train Loss=0.4446 | Val Acc=0.8668 | Val F1 (W)=0.9015 | Val F1 (M)=0.6081
1860.4s 207 Epoch 23/30: Train Loss=0.4270 | Val Acc=0.9149 | Val F1 (W)=0.9288 | Val F1 (M)=0.6350
1893.6s 208 Epoch 24/30: Train Loss=0.4232 | Val Acc=0.9345 | Val F1 (W)=0.9414 | Val F1 (M)=0.6620
1926.9s 209 Epoch 25/30: Train Loss=0.3945 | Val Acc=0.9115 | Val F1 (W)=0.9281 | Val F1 (M)=0.6653
1960.2s 210 Epoch 26/30: Train Loss=0.3847 | Val Acc=0.9286 | Val F1 (W)=0.9399 | Val F1 (M)=0.6721
1995.3s 211 Epoch 27/30: Train Loss=0.3586 | Val Acc=0.9019 | Val F1 (W)=0.9219 | Val F1 (M)=0.6454
2032.0s 212 Epoch 28/30: Train Loss=0.3706 | Val Acc=0.9249 | Val F1 (W)=0.9397 | Val F1 (M)=0.6723
2066.9s 213 Epoch 29/30: Train Loss=0.3582 | Val Acc=0.9108 | Val F1 (W)=0.9295 | Val F1 (M)=0.6649
2102.3s 214 Epoch 30/30: Train Loss=0.3544 | Val Acc=0.8872 | Val F1 (W)=0.9119 | Val F1 (M)=0.6100
2102.3s 215 Fold 2 Results: Val Acc=0.8872, Val F1 (W)=0.9119, Val F1 (M)=0.6100, Train Time=1044.0s
2102.3s 216 > Running Fold 3/5 (Splitting by Image ID)...
2102.3s 217 Train Set Size (Undersampled): Good (0)=834, Defects (1-4)=1747
2173.1s 218 Epoch 1/30: Train Loss=1.5201 | Val Acc=0.7906 | Val F1 (W)=0.8241 | Val F1 (M)=0.3035
2207.8s 219 Epoch 2/30: Train Loss=1.3714 | Val Acc=0.7875 | Val F1 (W)=0.8348 | Val F1 (M)=0.4191
2243.5s 220 Epoch 3/30: Train Loss=1.1800 | Val Acc=0.7350 | Val F1 (W)=0.7994 | Val F1 (M)=0.4239
2278.3s 221 Epoch 4/30: Train Loss=1.0901 | Val Acc=0.8963 | Val F1 (W)=0.9086 | Val F1 (M)=0.5919
2312.5s 222 Epoch 5/30: Train Loss=0.9961 | Val Acc=0.8470 | Val F1 (W)=0.8758 | Val F1 (M)=0.5839
2346.8s 223 Epoch 6/30: Train Loss=0.9563 | Val Acc=0.8292 | Val F1 (W)=0.8634 | Val F1 (M)=0.5551
2380.9s 224 Epoch 7/30: Train Loss=0.9027 | Val Acc=0.8171 | Val F1 (W)=0.8575 | Val F1 (M)=0.5797
2415.3s 225 Epoch 8/30: Train Loss=0.8199 | Val Acc=0.8448 | Val F1 (W)=0.8743 | Val F1 (M)=0.5787
2449.0s 226 Epoch 9/30: Train Loss=0.8340 | Val Acc=0.9219 | Val F1 (W)=0.9298 | Val F1 (M)=0.6986
2482.6s 227 Epoch 10/30: Train Loss=0.7633 | Val Acc=0.7383 | Val F1 (W)=0.8035 | Val F1 (M)=0.5519
2515.3s 228 Epoch 11/30: Train Loss=0.7310 | Val Acc=0.8993 | Val F1 (W)=0.9130 | Val F1 (M)=0.6711
2547.5s 229 Epoch 12/30: Train Loss=0.6937 | Val Acc=0.9325 | Val F1 (W)=0.9390 | Val F1 (M)=0.7064
2579.9s 230 Epoch 13/30: Train Loss=0.6586 | Val Acc=0.9039 | Val F1 (W)=0.9168 | Val F1 (M)=0.6779
2612.5s 231 Epoch 14/30: Train Loss=0.6504 | Val Acc=0.9312 | Val F1 (W)=0.9372 | Val F1 (M)=0.7376
2645.0s 232 Epoch 15/30: Train Loss=0.5791 | Val Acc=0.7999 | Val F1 (W)=0.8464 | Val F1 (M)=0.6109
2677.7s 233 Epoch 16/30: Train Loss=0.5926 | Val Acc=0.9362 | Val F1 (W)=0.9410 | Val F1 (M)=0.7385
2710.0s 234 Epoch 17/30: Train Loss=0.5667 | Val Acc=0.5423 | Val F1 (W)=0.6415 | Val F1 (M)=0.4243
2742.8s 235 Epoch 18/30: Train Loss=0.5632 | Val Acc=0.9321 | Val F1 (W)=0.9388 | Val F1 (M)=0.7260
2775.1s 236 Epoch 19/30: Train Loss=0.5090 | Val Acc=0.9154 | Val F1 (W)=0.9254 | Val F1 (M)=0.6893
2808.1s 237 Epoch 20/30: Train Loss=0.5297 | Val Acc=0.9358 | Val F1 (W)=0.9410 | Val F1 (M)=0.7572
2840.6s 238 Epoch 21/30: Train Loss=0.5229 | Val Acc=0.8854 | Val F1 (W)=0.9053 | Val F1 (M)=0.6821
2873.2s 239 Epoch 22/30: Train Loss=0.4808 | Val Acc=0.8997 | Val F1 (W)=0.9133 | Val F1 (M)=0.6774
2906.9s 240 Epoch 23/30: Train Loss=0.4834 | Val Acc=0.9110 | Val F1 (W)=0.9230 | Val F1 (M)=0.7075
2941.0s 241 Epoch 24/30: Train Loss=0.4748 | Val Acc=0.9262 | Val F1 (W)=0.9340 | Val F1 (M)=0.7389
2974.5s 242 Epoch 25/30: Train Loss=0.4274 | Val Acc=0.9136 | Val F1 (W)=0.9248 | Val F1 (M)=0.7117
3007.5s 243 Epoch 26/30: Train Loss=0.4377 | Val Acc=0.9490 | Val F1 (W)=0.9526 | Val F1 (M)=0.8040
3040.2s 244 Epoch 27/30: Train Loss=0.4317 | Val Acc=0.8930 | Val F1 (W)=0.9109 | Val F1 (M)=0.6854
3073.9s 245 Epoch 28/30: Train Loss=0.4232 | Val Acc=0.8663 | Val F1 (W)=0.8900 | Val F1 (M)=0.6532
3107.5s 246 Epoch 29/30: Train Loss=0.3807 | Val Acc=0.9275 | Val F1 (W)=0.9352 | Val F1 (M)=0.7332
3141.2s 247 Epoch 30/30: Train Loss=0.3768 | Val Acc=0.8980 | Val F1 (W)=0.9131 | Val F1 (M)=0.7018
3141.2s 248 Fold 3 Results: Val Acc=0.8980, Val F1 (W)=0.9131, Val F1 (M)=0.7018, Train Time=1038.5s
3141.2s 249 > Running Fold 4/5 (Splitting by Image ID)...
3141.2s 250 Train Set Size (Undersampled): Good (0)=833, Defects (1-4)=1753
3199.4s 251 Epoch 1/30: Train Loss=1.4942 | Val Acc=0.8507 | Val F1 (W)=0.8639 | Val F1 (M)=0.3438
3231.8s 252 Epoch 2/30: Train Loss=1.2395 | Val Acc=0.6434 | Val F1 (W)=0.7320 | Val F1 (M)=0.3304
3264.2s 253 Epoch 3/30: Train Loss=1.0434 | Val Acc=0.8770 | Val F1 (W)=0.8940 | Val F1 (M)=0.6112
3296.9s 254 Epoch 4/30: Train Loss=0.9614 | Val Acc=0.8145 | Val F1 (W)=0.8553 | Val F1 (M)=0.6089
3329.0s 255 Epoch 5/30: Train Loss=0.8625 | Val Acc=0.8377 | Val F1 (W)=0.8729 | Val F1 (M)=0.6670
3361.4s 256 Epoch 6/30: Train Loss=0.7946 | Val Acc=0.8457 | Val F1 (W)=0.8759 | Val F1 (M)=0.6381
3393.6s 257 Epoch 7/30: Train Loss=0.7531 | Val Acc=0.9208 | Val F1 (W)=0.9297 | Val F1 (M)=0.7186
3426.2s 258 Epoch 8/30: Train Loss=0.7036 | Val Acc=0.9379 | Val F1 (W)=0.9431 | Val F1 (M)=0.7371
3459.0s 259 Epoch 9/30: Train Loss=0.6550 | Val Acc=0.9073 | Val F1 (W)=0.9206 | Val F1 (M)=0.7143
3491.5s 260 Epoch 10/30: Train Loss=0.6627 | Val Acc=0.8908 | Val F1 (W)=0.9079 | Val F1 (M)=0.6614
3524.1s 261 Epoch 11/30: Train Loss=0.5822 | Val Acc=0.7891 | Val F1 (W)=0.8386 | Val F1 (M)=0.5873
3556.4s 262 Epoch 12/30: Train Loss=0.5833 | Val Acc=0.9134 | Val F1 (W)=0.9250 | Val F1 (M)=0.7112
3588.6s 263 Epoch 13/30: Train Loss=0.5491 | Val Acc=0.9295 | Val F1 (W)=0.9379 | Val F1 (M)=0.7588
3621.2s 264 Epoch 14/30: Train Loss=0.5183 | Val Acc=0.8974 | Val F1 (W)=0.9122 | Val F1 (M)=0.7113
3654.6s 265 Epoch 15/30: Train Loss=0.5126 | Val Acc=0.8633 | Val F1 (W)=0.8905 | Val F1 (M)=0.6461
3686.7s 266 Epoch 16/30: Train Loss=0.4712 | Val Acc=0.9160 | Val F1 (W)=0.9263 | Val F1 (M)=0.7335
3719.0s 267 Epoch 17/30: Train Loss=0.4888 | Val Acc=0.9284 | Val F1 (W)=0.9359 | Val F1 (M)=0.7438
3751.6s 268 Epoch 18/30: Train Loss=0.4462 | Val Acc=0.9273 | Val F1 (W)=0.9349 | Val F1 (M)=0.7314
3784.0s 269 Epoch 19/30: Train Loss=0.4616 | Val Acc=0.8605 | Val F1 (W)=0.8858 | Val F1 (M)=0.6356
3816.8s 270 Epoch 20/30: Train Loss=0.4283 | Val Acc=0.8882 | Val F1 (W)=0.9051 | Val F1 (M)=0.6654
3849.3s 271 Epoch 21/30: Train Loss=0.4082 | Val Acc=0.8854 | Val F1 (W)=0.9027 | Val F1 (M)=0.6625
3881.7s 272 Epoch 22/30: Train Loss=0.3939 | Val Acc=0.9442 | Val F1 (W)=0.9487 | Val F1 (M)=0.7945
3914.0s 273 Epoch 23/30: Train Loss=0.3906 | Val Acc=0.9234 | Val F1 (W)=0.9328 | Val F1 (M)=0.7437
3946.7s 274 Epoch 24/30: Train Loss=0.3860 | Val Acc=0.8850 | Val F1 (W)=0.9072 | Val F1 (M)=0.7035
3979.0s 275 Epoch 25/30: Train Loss=0.3724 | Val Acc=0.9015 | Val F1 (W)=0.9160 | Val F1 (M)=0.7314
4011.4s 276 Epoch 26/30: Train Loss=0.3459 | Val Acc=0.7888 | Val F1 (W)=0.8337 | Val F1 (M)=0.5768
4043.6s 277 Epoch 27/30: Train Loss=0.3609 | Val Acc=0.9282 | Val F1 (W)=0.9366 | Val F1 (M)=0.7608
4076.3s 278 Epoch 28/30: Train Loss=0.3362 | Val Acc=0.8869 | Val F1 (W)=0.9044 | Val F1 (M)=0.6832
4109.3s 279 Epoch 29/30: Train Loss=0.3417 | Val Acc=0.8995 | Val F1 (W)=0.9134 | Val F1 (M)=0.6904
4142.0s 280 Epoch 30/30: Train Loss=0.3317 | Val Acc=0.9178 | Val F1 (W)=0.9284 | Val F1 (M)=0.7261
4142.0s 281 Fold 4 Results: Val Acc=0.9178, Val F1 (W)=0.9284, Val F1 (M)=0.7261, Train Time=1000.3s
4142.0s 282 > Running Fold 5/5 (Splitting by Image ID)...
4142.0s 283 Train Set Size (Undersampled): Good (0)=834, Defects (1-4)=1737
4199.5s 284 Epoch 1/30: Train Loss=1.5060 | Val Acc=0.7467 | Val F1 (W)=0.7908 | Val F1 (M)=0.2228
4231.9s 285 Epoch 2/30: Train Loss=1.3190 | Val Acc=0.5642 | Val F1 (W)=0.6774 | Val F1 (M)=0.3123
4264.5s 286 Epoch 3/30: Train Loss=1.1968 | Val Acc=0.8294 | Val F1 (W)=0.8608 | Val F1 (M)=0.5135
4297.0s 287 Epoch 4/30: Train Loss=1.0803 | Val Acc=0.8711 | Val F1 (W)=0.8868 | Val F1 (M)=0.5524
4330.0s 288 Epoch 5/30: Train Loss=1.0148 | Val Acc=0.8811 | Val F1 (W)=0.8952 | Val F1 (M)=0.5905
4363.5s 289 Epoch 6/30: Train Loss=0.9425 | Val Acc=0.8487 | Val F1 (W)=0.8765 | Val F1 (M)=0.5679
4395.7s 290 Epoch 7/30: Train Loss=0.8653 | Val Acc=0.8882 | Val F1 (W)=0.9030 | Val F1 (M)=0.6292
4428.3s 291 Epoch 8/30: Train Loss=0.8403 | Val Acc=0.8937 | Val F1 (W)=0.9071 | Val F1 (M)=0.6478
4461.0s 292 Epoch 9/30: Train Loss=0.7826 | Val Acc=0.9269 | Val F1 (W)=0.9328 | Val F1 (M)=0.7068
4493.3s 293 Epoch 10/30: Train Loss=0.7231 | Val Acc=0.9054 | Val F1 (W)=0.9173 | Val F1 (M)=0.6428
4526.6s 294 Epoch 11/30: Train Loss=0.6695 | Val Acc=0.9299 | Val F1 (W)=0.9359 | Val F1 (M)=0.7248
4559.7s 295 Epoch 12/30: Train Loss=0.6304 | Val Acc=0.9186 | Val F1 (W)=0.9269 | Val F1 (M)=0.7181
4592.0s 296 Epoch 13/30: Train Loss=0.6149 | Val Acc=0.8939 | Val F1 (W)=0.9094 | Val F1 (M)=0.6899
4624.0s 297 Epoch 14/30: Train Loss=0.5947 | Val Acc=0.8904 | Val F1 (W)=0.9073 | Val F1 (M)=0.6800
4656.0s 298 Epoch 15/30: Train Loss=0.5791 | Val Acc=0.8965 | Val F1 (W)=0.9114 | Val F1 (M)=0.6845
4688.0s 299 Epoch 16/30: Train Loss=0.5420 | Val Acc=0.8787 | Val F1 (W)=0.8981 | Val F1 (M)=0.6804
4720.1s 300 Epoch 17/30: Train Loss=0.5375 | Val Acc=0.9182 | Val F1 (W)=0.9291 | Val F1 (M)=0.7170
4752.4s 301 Epoch 18/30: Train Loss=0.5407 | Val Acc=0.8752 | Val F1 (W)=0.8955 | Val F1 (M)=0.6302
4784.9s 302 Epoch 19/30: Train Loss=0.4842 | Val Acc=0.9306 | Val F1 (W)=0.9381 | Val F1 (M)=0.7450
4817.3s 303 Epoch 20/30: Train Loss=0.4767 | Val Acc=0.9167 | Val F1 (W)=0.9266 | Val F1 (M)=0.7192
4849.8s 304 Epoch 21/30: Train Loss=0.4844 | Val Acc=0.8362 | Val F1 (W)=0.8694 | Val F1 (M)=0.6472
4882.3s 305 Epoch 22/30: Train Loss=0.4627 | Val Acc=0.9204 | Val F1 (W)=0.9299 | Val F1 (M)=0.7562
4914.5s 306 Epoch 23/30: Train Loss=0.4258 | Val Acc=0.9301 | Val F1 (W)=0.9370 | Val F1 (M)=0.7519
4947.0s 307 Epoch 24/30: Train Loss=0.4401 | Val Acc=0.9510 | Val F1 (W)=0.9533 | Val F1 (M)=0.7865
4979.5s 308 Epoch 25/30: Train Loss=0.3869 | Val Acc=0.9175 | Val F1 (W)=0.9272 | Val F1 (M)=0.7306
5011.5s 309 Epoch 26/30: Train Loss=0.4040 | Val Acc=0.9379 | Val F1 (W)=0.9426 | Val F1 (M)=0.7583
5043.7s 310 Epoch 27/30: Train Loss=0.3707 | Val Acc=0.9312 | Val F1 (W)=0.9379 | Val F1 (M)=0.7455
5075.9s 311 Epoch 28/30: Train Loss=0.3719 | Val Acc=0.9327 | Val F1 (W)=0.9399 | Val F1 (M)=0.7569
5108.0s 312 Epoch 29/30: Train Loss=0.3561 | Val Acc=0.9490 | Val F1 (W)=0.9525 | Val F1 (M)=0.7847
5141.2s 313 Epoch 30/30: Train Loss=0.3719 | Val Acc=0.9091 | Val F1 (W)=0.9203 | Val F1 (M)=0.7042
5141.2s 314 Fold 5 Results: Val Acc=0.9091, Val F1 (W)=0.9203, Val F1 (M)=0.7042, Train Time=998.7s
5141.2s 315 
5141.2s 316 >>> Running Final Evaluation on DEDICATED TEST SET (Unseen Data)...
5165.8s 317 DEDICATED TEST SET RESULTS: Acc=0.9086, F1 (W)=0.9221, F1 (M)=0.7025
5165.8s 318 Results saved to: /kaggle/working/results_factor_5.json
5165.8s 319 
5165.8s 320 [Factor: 5%] SUMMARY: Avg. Val F1 (W)=0.9196 | Avg. Val F1 (M)=0.6820 | Avg. Time=1022.6s | Final Test F1 (W)=0.9221 | Final Test F1 (M)=0.7025
5165.8s 321 
5165.8s 322 --- FINAL EXPERIMENT SUMMARY ---
5165.8s 323 |   Factor (%) |   Avg Validation Accuracy |   Avg Validation F1 (W) |   Avg Validation F1 (M) |   Avg Train Time (s) |   Final Test Accuracy |   Final Test F1 (W) |   Final Test F1 (M) |
5165.8s 324 |-------------:|--------------------------:|------------------------:|------------------------:|---------------------:|----------------------:|--------------------:|--------------------:|
5165.8s 325 |            5 |                  0.905035 |                0.919645 |                0.682018 |              1022.58 |              0.908594 |            0.922149 |            0.702504 |
5169.4s 326 /usr/local/lib/python3.11/dist-packages/traitlets/traitlets.py:2915: FutureWarning: --Exporter.preprocessors=["remove_papermill_header.RemovePapermillHeader"] for containers is deprecated in traitlets 5.0. You can pass `--Exporter.preprocessors item` ... multiple times to add items to a list.
5169.4s 327 warn(
5169.4s 328 [NbConvertApp] Converting notebook __notebook__.ipynb to notebook
5169.7s 329 [NbConvertApp] Writing 228957 bytes to __notebook__.ipynb
5171.0s 330 /usr/local/lib/python3.11/dist-packages/traitlets/traitlets.py:2915: FutureWarning: --Exporter.preprocessors=["nbconvert.preprocessors.ExtractOutputPreprocessor"] for containers is deprecated in traitlets 5.0. You can pass `--Exporter.preprocessors item` ... multiple times to add items to a list.
5171.0s 331 warn(
5171.1s 332 [NbConvertApp] Converting notebook __notebook__.ipynb to html
5171.9s 333 [NbConvertApp] Support files will be in __results___files/
5171.9s 334 [NbConvertApp] Making directory __results___files
5171.9s 335 [NbConvertApp] Making directory __results___files
5171.9s 336 [NbConvertApp] Writing 404675 bytes to __results__.html