5.8s 1 0.00s - Debugger warning: It seems that frozen modules are being used, which may
5.8s 2 0.00s - make the debugger miss breakpoints. Please pass -Xfrozen_modules=off
5.8s 3 0.00s - to python to disable frozen modules.
5.8s 4 0.00s - Note: Debugging will proceed. Set PYDEVD_DISABLE_FILE_VALIDATION=1 to disable this validation.
6.6s 5 0.00s - Debugger warning: It seems that frozen modules are being used, which may
6.6s 6 0.00s - make the debugger miss breakpoints. Please pass -Xfrozen_modules=off
6.6s 7 0.00s - to python to disable frozen modules.
6.6s 8 0.00s - Note: Debugging will proceed. Set PYDEVD_DISABLE_FILE_VALIDATION=1 to disable this validation.
8.9s 9 Sun Sep 28 22:30:10 2025
8.9s 10 +-----------------------------------------------------------------------------------------+
8.9s 11 | NVIDIA-SMI 560.35.03              Driver Version: 560.35.03      CUDA Version: 12.6     |
8.9s 12 |-----------------------------------------+------------------------+----------------------+
8.9s 13 | GPU  Name                 Persistence-M | Bus-Id          Disp.A | Volatile Uncorr. ECC |
8.9s 14 | Fan  Temp   Perf          Pwr:Usage/Cap |           Memory-Usage | GPU-Util  Compute M. |
8.9s 15 |                                         |                        |               MIG M. |
8.9s 16 |=========================================+========================+======================|
8.9s 17 |   0  Tesla P100-PCIE-16GB           Off |   00000000:00:04.0 Off |                    0 |
8.9s 18 | N/A   34C    P0             25W /  250W |       0MiB /  16384MiB |      0%      Default |
8.9s 19 |                                         |                        |                  N/A |
8.9s 20 +-----------------------------------------+------------------------+----------------------+
8.9s 21 
8.9s 22 +-----------------------------------------------------------------------------------------+
8.9s 23 | Processes:                                                                              |
8.9s 24 |  GPU   GI   CI        PID   Type   Process name                              GPU Memory |
8.9s 25 |        ID   ID                                                               Usage      |
8.9s 26 |=========================================================================================|
8.9s 27 |  No running processes found                                                             |
8.9s 28 +-----------------------------------------------------------------------------------------+
9.0s 29 Architecture:             x86_64
9.0s 30 CPU op-mode(s):         32-bit, 64-bit
9.0s 31 Address sizes:          46 bits physical, 48 bits virtual
9.0s 32 Byte Order:             Little Endian
9.0s 33 CPU(s):                   4
9.0s 34 On-line CPU(s) list:    0-3
9.0s 35 Vendor ID:                GenuineIntel
9.0s 36 Model name:             Intel(R) Xeon(R) CPU @ 2.00GHz
9.0s 37 CPU family:           6
9.0s 38 Model:                85
9.0s 39 Thread(s) per core:   2
9.0s 40 Core(s) per socket:   2
9.0s 41 Socket(s):            1
9.0s 42 Stepping:             3
9.0s 43 BogoMIPS:             4000.34
9.0s 44 Flags:                fpu vme de pse tsc msr pae mce cx8 apic sep mtrr pge m
9.0s 45 ca cmov pat pse36 clflush mmx fxsr sse sse2 ss ht sysc
9.0s 46 all nx pdpe1gb rdtscp lm constant_tsc rep_good nopl xt
9.0s 47 opology nonstop_tsc cpuid tsc_known_freq pni pclmulqdq
9.0s 48 ssse3 fma cx16 pcid sse4_1 sse4_2 x2apic movbe popcnt
9.0s 49 aes xsave avx f16c rdrand hypervisor lahf_lm abm 3dno
9.0s 50 wprefetch pti ssbd ibrs ibpb stibp fsgsbase tsc_adjust
9.0s 51 bmi1 hle avx2 smep bmi2 erms invpcid rtm mpx avx512f
9.0s 52 avx512dq rdseed adx smap clflushopt clwb avx512cd avx5
9.0s 53 12bw avx512vl xsaveopt xsavec xgetbv1 xsaves arat md_c
9.0s 54 lear arch_capabilities
9.0s 55 Virtualization features:
9.0s 56 Hypervisor vendor:      KVM
9.0s 57 Virtualization type:    full
9.0s 58 Caches (sum of all):
9.0s 59 L1d:                    64 KiB (2 instances)
9.0s 60 L1i:                    64 KiB (2 instances)
9.0s 61 L2:                     2 MiB (2 instances)
9.0s 62 L3:                     38.5 MiB (1 instance)
9.0s 63 NUMA:
9.0s 64 NUMA node(s):           1
9.0s 65 NUMA node0 CPU(s):      0-3
9.0s 66 Vulnerabilities:
9.0s 67 Gather data sampling:   Not affected
9.0s 68 Itlb multihit:          Not affected
9.0s 69 L1tf:                   Mitigation; PTE Inversion
9.0s 70 Mds:                    Mitigation; Clear CPU buffers; SMT Host state unknown
9.0s 71 Meltdown:               Mitigation; PTI
9.0s 72 Mmio stale data:        Vulnerable: Clear CPU buffers attempted, no microcode;
9.0s 73 SMT Host state unknown
9.0s 74 Reg file data sampling: Not affected
9.0s 75 Retbleed:               Mitigation; IBRS
9.0s 76 Spec rstack overflow:   Not affected
9.0s 77 Spec store bypass:      Mitigation; Speculative Store Bypass disabled via prct
9.0s 78 l
9.0s 79 Spectre v1:             Mitigation; usercopy/swapgs barriers and __user pointe
9.0s 80 r sanitization
9.0s 81 Spectre v2:             Mitigation; IBRS; IBPB conditional; STIBP conditional;
9.0s 82 RSB filling; PBRSB-eIBRS Not affected; BHI SW loop, K
9.0s 83 VM SW loop
9.0s 84 Srbds:                  Not affected
9.0s 85 Tsx async abort:        Mitigation; Clear CPU buffers; SMT Host state unknown
9.2s 86 total        used        free      shared  buff/cache   available
9.2s 87 Mem:            31Gi       702Mi        23Gi       2.0Mi       7.1Gi        30Gi
9.2s 88 Swap:             0B          0B          0B
9.3s 89 PRETTY_NAME="Ubuntu 22.04.4 LTS"
9.3s 90 NAME="Ubuntu"
9.3s 91 VERSION_ID="22.04"
9.3s 92 VERSION="22.04.4 LTS (Jammy Jellyfish)"
9.3s 93 VERSION_CODENAME=jammy
9.3s 94 ID=ubuntu
9.3s 95 ID_LIKE=debian
9.3s 96 HOME_URL="https://www.ubuntu.com/"
9.3s 97 SUPPORT_URL="https://help.ubuntu.com/"
9.3s 98 BUG_REPORT_URL="https://bugs.launchpad.net/ubuntu/"
9.3s 99 PRIVACY_POLICY_URL="https://www.ubuntu.com/legal/terms-and-policies/privacy-policy"
9.3s 100 UBUNTU_CODENAME=jammy
9.4s 101 Filesystem                                                              Size  Used Avail Use% Mounted on
9.4s 102 overlay                                                                 7.9T  6.3T  1.7T  80% /
9.4s 103 tmpfs                                                                    64M     0   64M   0% /dev
9.4s 104 shm                                                                      14G     0   14G   0% /dev/shm
9.4s 105 /dev/loop1                                                               20G  176K   20G   1% /kaggle/lib
9.4s 106 /dev/sdb1                                                               122G  4.7G  118G   4% /opt/bin
9.4s 107 192.168.13.2:/data/kagglesdsdata/datasets/3570200/6216738/dd3qnjx3qj00   38T   29T  9.4T  76% /kaggle/input/tilda-400-64x64-patches
9.4s 108 /dev/mapper/snap                                                        7.9T  6.3T  1.7T  80% /etc/hosts
9.4s 109 tmpfs                                                                    16G     0   16G   0% /proc/acpi
9.4s 110 tmpfs                                                                    16G     0   16G   0% /proc/scsi
9.4s 111 tmpfs                                                                    16G     0   16G   0% /sys/firmware
23.8s 112 Random seed set as 42
23.8s 113 
24.0s 114 Random seed set as 42
24.0s 115 
24.3s 116 Total images found: 25600
24.3s 117 
24.3s 118 Original image count per class:
24.3s 119 good            23170
24.3s 120 objects           837
24.3s 121 oil spot          636
24.3s 122 thread error      620
24.3s 123 hole              337
24.3s 124 dtype: int64
24.9s 125 Random seed set as 42
24.9s 126 
25.0s 127 Random seed set as 42
25.0s 128 
25.0s 129 Random seed set as 42
25.0s 130 
25.1s 131 Random seed set as 42
25.1s 132 
25.1s 133 Random seed set as 42
25.1s 134 
25.2s 135 Real Data Loaded: 400 unique Image IDs and 25600 total patches.
25.2s 136 Initial Patch Split (Multi-class): Good (0)=23170, Defects (1-4)=2430.
25.2s 137 Image Stratification Split (Multi-class): good(0)=0, hole(1)=101, objects(2)=100, oil spot(3)=99, thread error(4)=100
25.2s 138 
25.2s 139 --- Initial Data Split (Non-Stratified) ---
25.2s 140 Total Image IDs: 400
25.2s 141 Dedicated Test Set Split (10%): 40 image IDs.
25.2s 142 K-Fold Train/Validation Pool: 360 image IDs.
25.2s 143 Dedicated Test Set Ready with 2560 patches for final evaluation.
25.2s 144 
25.2s 145 --- Starting Undersampling Experiment (Stratified K-Fold on IMAGE IDs) ---
25.2s 146 
25.2s 147 [Factor: 45% of Majority Class Patches in Training Set]
25.2s 148 > Running Fold 1/5 (Splitting by Image ID)...
25.2s 149 Train Set Size (Undersampled): Good (0)=7501, Defects (1-4)=1763
25.6s 150 Downloading: "https://download.pytorch.org/models/resnet50-11ad3fa6.pth" to /root/.cache/torch/hub/checkpoints/resnet50-11ad3fa6.pth
26.1s 151 0%|          | 0.00/97.8M [00:00<?, ?B/s] 19%|█▉        | 18.8M/97.8M [00:00<00:00, 196MB/s] 43%|████▎     | 42.1M/97.8M [00:00<00:00, 225MB/s] 67%|██████▋   | 65.4M/97.8M [00:00<00:00, 233MB/s] 90%|█████████ | 88.2M/97.8M [00:00<00:00, 236MB/s]100%|██████████| 97.8M/97.8M [00:00<00:00, 232MB/s]
163.7s 152 Epoch 1/30: Train Loss=0.6738 | Val Acc=0.9219 | Val F1 (W)=0.9030 | Val F1 (M)=0.4374
243.7s 153 Epoch 2/30: Train Loss=0.4983 | Val Acc=0.9260 | Val F1 (W)=0.9179 | Val F1 (M)=0.5274
323.4s 154 Epoch 3/30: Train Loss=0.4438 | Val Acc=0.9258 | Val F1 (W)=0.9198 | Val F1 (M)=0.5376
403.2s 155 Epoch 4/30: Train Loss=0.4029 | Val Acc=0.9382 | Val F1 (W)=0.9315 | Val F1 (M)=0.6024
483.2s 156 Epoch 5/30: Train Loss=0.3724 | Val Acc=0.9392 | Val F1 (W)=0.9356 | Val F1 (M)=0.6491
563.0s 157 Epoch 6/30: Train Loss=0.3528 | Val Acc=0.9410 | Val F1 (W)=0.9373 | Val F1 (M)=0.6520
642.8s 158 Epoch 7/30: Train Loss=0.3229 | Val Acc=0.9440 | Val F1 (W)=0.9430 | Val F1 (M)=0.6897
722.5s 159 Epoch 8/30: Train Loss=0.3059 | Val Acc=0.9447 | Val F1 (W)=0.9438 | Val F1 (M)=0.6877
802.2s 160 Epoch 9/30: Train Loss=0.2854 | Val Acc=0.9523 | Val F1 (W)=0.9498 | Val F1 (M)=0.7164
881.6s 161 Epoch 10/30: Train Loss=0.2744 | Val Acc=0.9529 | Val F1 (W)=0.9518 | Val F1 (M)=0.7342
961.4s 162 Epoch 11/30: Train Loss=0.2571 | Val Acc=0.9510 | Val F1 (W)=0.9516 | Val F1 (M)=0.7380
1041.4s 163 Epoch 12/30: Train Loss=0.2605 | Val Acc=0.9557 | Val F1 (W)=0.9562 | Val F1 (M)=0.7657
1121.4s 164 Epoch 13/30: Train Loss=0.2366 | Val Acc=0.9590 | Val F1 (W)=0.9582 | Val F1 (M)=0.7533
1201.6s 165 Epoch 14/30: Train Loss=0.2263 | Val Acc=0.9533 | Val F1 (W)=0.9504 | Val F1 (M)=0.6992
1282.1s 166 Epoch 15/30: Train Loss=0.2238 | Val Acc=0.9564 | Val F1 (W)=0.9556 | Val F1 (M)=0.7473
1362.1s 167 Epoch 16/30: Train Loss=0.2141 | Val Acc=0.9479 | Val F1 (W)=0.9476 | Val F1 (M)=0.6893
1442.1s 168 Epoch 17/30: Train Loss=0.2066 | Val Acc=0.9594 | Val F1 (W)=0.9578 | Val F1 (M)=0.7730
1522.4s 169 Epoch 18/30: Train Loss=0.1983 | Val Acc=0.9644 | Val F1 (W)=0.9636 | Val F1 (M)=0.8017
1602.1s 170 Epoch 19/30: Train Loss=0.1979 | Val Acc=0.9529 | Val F1 (W)=0.9536 | Val F1 (M)=0.7653
1682.5s 171 Epoch 20/30: Train Loss=0.1849 | Val Acc=0.9507 | Val F1 (W)=0.9540 | Val F1 (M)=0.7802
1762.5s 172 Epoch 21/30: Train Loss=0.1848 | Val Acc=0.9477 | Val F1 (W)=0.9515 | Val F1 (M)=0.7769
1842.7s 173 Epoch 22/30: Train Loss=0.1807 | Val Acc=0.9505 | Val F1 (W)=0.9521 | Val F1 (M)=0.7421
1922.7s 174 Epoch 23/30: Train Loss=0.1751 | Val Acc=0.9588 | Val F1 (W)=0.9594 | Val F1 (M)=0.7987
2002.6s 175 Epoch 24/30: Train Loss=0.1657 | Val Acc=0.9642 | Val F1 (W)=0.9640 | Val F1 (M)=0.8116
2082.4s 176 Epoch 25/30: Train Loss=0.1689 | Val Acc=0.9568 | Val F1 (W)=0.9587 | Val F1 (M)=0.7943
2161.9s 177 Epoch 26/30: Train Loss=0.1509 | Val Acc=0.9620 | Val F1 (W)=0.9617 | Val F1 (M)=0.7847
2242.9s 178 Epoch 27/30: Train Loss=0.1601 | Val Acc=0.9609 | Val F1 (W)=0.9601 | Val F1 (M)=0.7856
2323.5s 179 Epoch 28/30: Train Loss=0.1543 | Val Acc=0.9646 | Val F1 (W)=0.9644 | Val F1 (M)=0.8157
2403.8s 180 Epoch 29/30: Train Loss=0.1481 | Val Acc=0.9642 | Val F1 (W)=0.9631 | Val F1 (M)=0.8058
2483.8s 181 Epoch 30/30: Train Loss=0.1378 | Val Acc=0.9599 | Val F1 (W)=0.9610 | Val F1 (M)=0.8026
2483.8s 182 Fold 1 Results: Val Acc=0.9599, Val F1 (W)=0.9610, Val F1 (M)=0.8026, Train Time=2457.3s
2483.8s 183 > Running Fold 2/5 (Splitting by Image ID)...
2483.8s 184 Train Set Size (Undersampled): Good (0)=7462, Defects (1-4)=1848
2587.5s 185 Epoch 1/30: Train Loss=0.6769 | Val Acc=0.9264 | Val F1 (W)=0.9130 | Val F1 (M)=0.3892
2667.4s 186 Epoch 2/30: Train Loss=0.5255 | Val Acc=0.9373 | Val F1 (W)=0.9291 | Val F1 (M)=0.4734
2747.9s 187 Epoch 3/30: Train Loss=0.4532 | Val Acc=0.9227 | Val F1 (W)=0.9288 | Val F1 (M)=0.5359
2828.7s 188 Epoch 4/30: Train Loss=0.3972 | Val Acc=0.9470 | Val F1 (W)=0.9397 | Val F1 (M)=0.5243
2909.2s 189 Epoch 5/30: Train Loss=0.3692 | Val Acc=0.9531 | Val F1 (W)=0.9534 | Val F1 (M)=0.6940
2989.8s 190 Epoch 6/30: Train Loss=0.3323 | Val Acc=0.9651 | Val F1 (W)=0.9640 | Val F1 (M)=0.7485
3071.3s 191 Epoch 7/30: Train Loss=0.3023 | Val Acc=0.9533 | Val F1 (W)=0.9538 | Val F1 (M)=0.6844
3152.0s 192 Epoch 8/30: Train Loss=0.2927 | Val Acc=0.9609 | Val F1 (W)=0.9585 | Val F1 (M)=0.7053
3232.6s 193 Epoch 9/30: Train Loss=0.2729 | Val Acc=0.9596 | Val F1 (W)=0.9582 | Val F1 (M)=0.7166
3312.8s 194 Epoch 10/30: Train Loss=0.2632 | Val Acc=0.9657 | Val F1 (W)=0.9642 | Val F1 (M)=0.7466
3392.7s 195 Epoch 11/30: Train Loss=0.2474 | Val Acc=0.9603 | Val F1 (W)=0.9608 | Val F1 (M)=0.7219
3472.8s 196 Epoch 12/30: Train Loss=0.2443 | Val Acc=0.9659 | Val F1 (W)=0.9644 | Val F1 (M)=0.7546
3552.8s 197 Epoch 13/30: Train Loss=0.2245 | Val Acc=0.9533 | Val F1 (W)=0.9557 | Val F1 (M)=0.7303
3632.4s 198 Epoch 14/30: Train Loss=0.2165 | Val Acc=0.9523 | Val F1 (W)=0.9551 | Val F1 (M)=0.7257
3712.4s 199 Epoch 15/30: Train Loss=0.2168 | Val Acc=0.9640 | Val F1 (W)=0.9636 | Val F1 (M)=0.7721
3793.2s 200 Epoch 16/30: Train Loss=0.2027 | Val Acc=0.9707 | Val F1 (W)=0.9702 | Val F1 (M)=0.8113
3873.1s 201 Epoch 17/30: Train Loss=0.1984 | Val Acc=0.9596 | Val F1 (W)=0.9607 | Val F1 (M)=0.7658
3953.2s 202 Epoch 18/30: Train Loss=0.1959 | Val Acc=0.9664 | Val F1 (W)=0.9663 | Val F1 (M)=0.7827
4033.3s 203 Epoch 19/30: Train Loss=0.1856 | Val Acc=0.9664 | Val F1 (W)=0.9652 | Val F1 (M)=0.7691
4113.2s 204 Epoch 20/30: Train Loss=0.1836 | Val Acc=0.9581 | Val F1 (W)=0.9598 | Val F1 (M)=0.7683
4193.4s 205 Epoch 21/30: Train Loss=0.1842 | Val Acc=0.9605 | Val F1 (W)=0.9622 | Val F1 (M)=0.7629
4273.7s 206 Epoch 22/30: Train Loss=0.1657 | Val Acc=0.9670 | Val F1 (W)=0.9666 | Val F1 (M)=0.7842
4353.7s 207 Epoch 23/30: Train Loss=0.1568 | Val Acc=0.9722 | Val F1 (W)=0.9720 | Val F1 (M)=0.8222
4433.6s 208 Epoch 24/30: Train Loss=0.1550 | Val Acc=0.9462 | Val F1 (W)=0.9508 | Val F1 (M)=0.7154
4513.9s 209 Epoch 25/30: Train Loss=0.1608 | Val Acc=0.9694 | Val F1 (W)=0.9684 | Val F1 (M)=0.7983
4593.5s 210 Epoch 26/30: Train Loss=0.1568 | Val Acc=0.9655 | Val F1 (W)=0.9661 | Val F1 (M)=0.7959
4673.2s 211 Epoch 27/30: Train Loss=0.1461 | Val Acc=0.9701 | Val F1 (W)=0.9695 | Val F1 (M)=0.8113
4753.0s 212 Epoch 28/30: Train Loss=0.1448 | Val Acc=0.9727 | Val F1 (W)=0.9715 | Val F1 (M)=0.8221
4833.0s 213 Epoch 29/30: Train Loss=0.1362 | Val Acc=0.9633 | Val F1 (W)=0.9641 | Val F1 (M)=0.7844
4912.8s 214 Epoch 30/30: Train Loss=0.1237 | Val Acc=0.9670 | Val F1 (W)=0.9667 | Val F1 (M)=0.7914
4912.8s 215 Fold 2 Results: Val Acc=0.9670, Val F1 (W)=0.9667, Val F1 (M)=0.7914, Train Time=2428.5s
4912.8s 216 > Running Fold 3/5 (Splitting by Image ID)...
4912.8s 217 Train Set Size (Undersampled): Good (0)=7508, Defects (1-4)=1747
5004.9s 218 Epoch 1/30: Train Loss=0.6841 | Val Acc=0.9230 | Val F1 (W)=0.9011 | Val F1 (M)=0.4502
5084.4s 219 Epoch 2/30: Train Loss=0.5422 | Val Acc=0.9082 | Val F1 (W)=0.9057 | Val F1 (M)=0.4677
5164.0s 220 Epoch 3/30: Train Loss=0.4828 | Val Acc=0.9299 | Val F1 (W)=0.9258 | Val F1 (M)=0.5535
5243.4s 221 Epoch 4/30: Train Loss=0.4364 | Val Acc=0.9247 | Val F1 (W)=0.9281 | Val F1 (M)=0.6267
5322.9s 222 Epoch 5/30: Train Loss=0.3989 | Val Acc=0.9538 | Val F1 (W)=0.9513 | Val F1 (M)=0.7243
5402.4s 223 Epoch 6/30: Train Loss=0.3641 | Val Acc=0.9544 | Val F1 (W)=0.9525 | Val F1 (M)=0.7330
5482.1s 224 Epoch 7/30: Train Loss=0.3445 | Val Acc=0.9599 | Val F1 (W)=0.9583 | Val F1 (M)=0.7627
5561.5s 225 Epoch 8/30: Train Loss=0.3053 | Val Acc=0.9562 | Val F1 (W)=0.9546 | Val F1 (M)=0.7631
5641.3s 226 Epoch 9/30: Train Loss=0.3006 | Val Acc=0.9590 | Val F1 (W)=0.9583 | Val F1 (M)=0.7599
5721.1s 227 Epoch 10/30: Train Loss=0.2800 | Val Acc=0.9646 | Val F1 (W)=0.9632 | Val F1 (M)=0.7965
5801.1s 228 Epoch 11/30: Train Loss=0.2630 | Val Acc=0.9629 | Val F1 (W)=0.9625 | Val F1 (M)=0.7919
5881.0s 229 Epoch 12/30: Train Loss=0.2519 | Val Acc=0.9670 | Val F1 (W)=0.9663 | Val F1 (M)=0.8153
5961.1s 230 Epoch 13/30: Train Loss=0.2376 | Val Acc=0.9642 | Val F1 (W)=0.9634 | Val F1 (M)=0.7974
6040.9s 231 Epoch 14/30: Train Loss=0.2219 | Val Acc=0.9655 | Val F1 (W)=0.9659 | Val F1 (M)=0.8046
6120.7s 232 Epoch 15/30: Train Loss=0.2234 | Val Acc=0.9648 | Val F1 (W)=0.9646 | Val F1 (M)=0.8045
6200.3s 233 Epoch 16/30: Train Loss=0.2203 | Val Acc=0.9679 | Val F1 (W)=0.9676 | Val F1 (M)=0.8296
6280.0s 234 Epoch 17/30: Train Loss=0.2064 | Val Acc=0.9705 | Val F1 (W)=0.9695 | Val F1 (M)=0.8323
6359.7s 235 Epoch 18/30: Train Loss=0.1988 | Val Acc=0.9197 | Val F1 (W)=0.9291 | Val F1 (M)=0.7180
6439.6s 236 Epoch 19/30: Train Loss=0.1949 | Val Acc=0.9692 | Val F1 (W)=0.9691 | Val F1 (M)=0.8415
6519.2s 237 Epoch 20/30: Train Loss=0.1918 | Val Acc=0.9681 | Val F1 (W)=0.9666 | Val F1 (M)=0.8132
6598.8s 238 Epoch 21/30: Train Loss=0.1835 | Val Acc=0.9701 | Val F1 (W)=0.9693 | Val F1 (M)=0.8394
6678.5s 239 Epoch 22/30: Train Loss=0.1785 | Val Acc=0.9655 | Val F1 (W)=0.9658 | Val F1 (M)=0.8279
6758.3s 240 Epoch 23/30: Train Loss=0.1629 | Val Acc=0.9707 | Val F1 (W)=0.9707 | Val F1 (M)=0.8418
6838.0s 241 Epoch 24/30: Train Loss=0.1692 | Val Acc=0.9586 | Val F1 (W)=0.9582 | Val F1 (M)=0.7992
6917.8s 242 Epoch 25/30: Train Loss=0.1717 | Val Acc=0.9698 | Val F1 (W)=0.9695 | Val F1 (M)=0.8430
6997.4s 243 Epoch 26/30: Train Loss=0.1632 | Val Acc=0.9586 | Val F1 (W)=0.9603 | Val F1 (M)=0.8181
7077.0s 244 Epoch 27/30: Train Loss=0.1506 | Val Acc=0.9727 | Val F1 (W)=0.9722 | Val F1 (M)=0.8403
7156.6s 245 Epoch 28/30: Train Loss=0.1509 | Val Acc=0.9759 | Val F1 (W)=0.9753 | Val F1 (M)=0.8694
7236.2s 246 Epoch 29/30: Train Loss=0.1594 | Val Acc=0.9677 | Val F1 (W)=0.9686 | Val F1 (M)=0.8400
7315.8s 247 Epoch 30/30: Train Loss=0.1438 | Val Acc=0.9688 | Val F1 (W)=0.9680 | Val F1 (M)=0.8215
7315.8s 248 Fold 3 Results: Val Acc=0.9688, Val F1 (W)=0.9680, Val F1 (M)=0.8215, Train Time=2402.5s
7315.8s 249 > Running Fold 4/5 (Splitting by Image ID)...
7315.8s 250 Train Set Size (Undersampled): Good (0)=7505, Defects (1-4)=1753
7403.1s 251 Epoch 1/30: Train Loss=0.6722 | Val Acc=0.9056 | Val F1 (W)=0.8878 | Val F1 (M)=0.3201
7482.7s 252 Epoch 2/30: Train Loss=0.5395 | Val Acc=0.9017 | Val F1 (W)=0.8994 | Val F1 (M)=0.4252
7562.3s 253 Epoch 3/30: Train Loss=0.4826 | Val Acc=0.9392 | Val F1 (W)=0.9306 | Val F1 (M)=0.6259
7642.2s 254 Epoch 4/30: Train Loss=0.4476 | Val Acc=0.9397 | Val F1 (W)=0.9357 | Val F1 (M)=0.6059
7722.5s 255 Epoch 5/30: Train Loss=0.4205 | Val Acc=0.9466 | Val F1 (W)=0.9428 | Val F1 (M)=0.6735
7802.8s 256 Epoch 6/30: Train Loss=0.4009 | Val Acc=0.9601 | Val F1 (W)=0.9576 | Val F1 (M)=0.7374
7883.3s 257 Epoch 7/30: Train Loss=0.3735 | Val Acc=0.9518 | Val F1 (W)=0.9488 | Val F1 (M)=0.6504
7963.7s 258 Epoch 8/30: Train Loss=0.3591 | Val Acc=0.9531 | Val F1 (W)=0.9507 | Val F1 (M)=0.6926
8043.9s 259 Epoch 9/30: Train Loss=0.3401 | Val Acc=0.9538 | Val F1 (W)=0.9524 | Val F1 (M)=0.7310
8124.6s 260 Epoch 10/30: Train Loss=0.3256 | Val Acc=0.9620 | Val F1 (W)=0.9622 | Val F1 (M)=0.8191
8205.3s 261 Epoch 11/30: Train Loss=0.3085 | Val Acc=0.9577 | Val F1 (W)=0.9575 | Val F1 (M)=0.7514
8285.9s 262 Epoch 12/30: Train Loss=0.2883 | Val Acc=0.9718 | Val F1 (W)=0.9707 | Val F1 (M)=0.8394
8366.2s 263 Epoch 13/30: Train Loss=0.2822 | Val Acc=0.9694 | Val F1 (W)=0.9682 | Val F1 (M)=0.8277
8446.0s 264 Epoch 14/30: Train Loss=0.2748 | Val Acc=0.9638 | Val F1 (W)=0.9631 | Val F1 (M)=0.7829
8526.4s 265 Epoch 15/30: Train Loss=0.2608 | Val Acc=0.9688 | Val F1 (W)=0.9684 | Val F1 (M)=0.8075
8606.8s 266 Epoch 16/30: Train Loss=0.2585 | Val Acc=0.9688 | Val F1 (W)=0.9691 | Val F1 (M)=0.8472
8686.9s 267 Epoch 17/30: Train Loss=0.2483 | Val Acc=0.9592 | Val F1 (W)=0.9604 | Val F1 (M)=0.7879
8767.0s 268 Epoch 18/30: Train Loss=0.2455 | Val Acc=0.9690 | Val F1 (W)=0.9687 | Val F1 (M)=0.8414
8847.0s 269 Epoch 19/30: Train Loss=0.2469 | Val Acc=0.9640 | Val F1 (W)=0.9644 | Val F1 (M)=0.7754
8927.2s 270 Epoch 20/30: Train Loss=0.2340 | Val Acc=0.9735 | Val F1 (W)=0.9734 | Val F1 (M)=0.8526
9007.2s 271 Epoch 21/30: Train Loss=0.2252 | Val Acc=0.9731 | Val F1 (W)=0.9736 | Val F1 (M)=0.8395
9086.9s 272 Epoch 22/30: Train Loss=0.2110 | Val Acc=0.9746 | Val F1 (W)=0.9750 | Val F1 (M)=0.8667
9167.2s 273 Epoch 23/30: Train Loss=0.2090 | Val Acc=0.9733 | Val F1 (W)=0.9725 | Val F1 (M)=0.8434
9248.1s 274 Epoch 24/30: Train Loss=0.2072 | Val Acc=0.9707 | Val F1 (W)=0.9706 | Val F1 (M)=0.8225
9329.1s 275 Epoch 25/30: Train Loss=0.2052 | Val Acc=0.9761 | Val F1 (W)=0.9755 | Val F1 (M)=0.8585
9410.0s 276 Epoch 26/30: Train Loss=0.1979 | Val Acc=0.9759 | Val F1 (W)=0.9757 | Val F1 (M)=0.8605
9491.1s 277 Epoch 27/30: Train Loss=0.1940 | Val Acc=0.9766 | Val F1 (W)=0.9764 | Val F1 (M)=0.8672
9571.9s 278 Epoch 28/30: Train Loss=0.1917 | Val Acc=0.9737 | Val F1 (W)=0.9738 | Val F1 (M)=0.8605
9655.4s 279 Epoch 29/30: Train Loss=0.1764 | Val Acc=0.9698 | Val F1 (W)=0.9700 | Val F1 (M)=0.8418
9737.3s 280 Epoch 30/30: Train Loss=0.1775 | Val Acc=0.9644 | Val F1 (W)=0.9657 | Val F1 (M)=0.8216
9737.3s 281 Fold 4 Results: Val Acc=0.9644, Val F1 (W)=0.9657, Val F1 (M)=0.8216, Train Time=2421.1s
9737.3s 282 > Running Fold 5/5 (Splitting by Image ID)...
9737.3s 283 Train Set Size (Undersampled): Good (0)=7512, Defects (1-4)=1737
9823.9s 284 Epoch 1/30: Train Loss=0.6660 | Val Acc=0.9062 | Val F1 (W)=0.8878 | Val F1 (M)=0.3968
9905.0s 285 Epoch 2/30: Train Loss=0.5417 | Val Acc=0.9188 | Val F1 (W)=0.9099 | Val F1 (M)=0.5209
9986.1s 286 Epoch 3/30: Train Loss=0.4716 | Val Acc=0.9275 | Val F1 (W)=0.9147 | Val F1 (M)=0.5632
10067.0s 287 Epoch 4/30: Train Loss=0.4428 | Val Acc=0.9345 | Val F1 (W)=0.9320 | Val F1 (M)=0.6528
10149.0s 288 Epoch 5/30: Train Loss=0.4054 | Val Acc=0.9449 | Val F1 (W)=0.9377 | Val F1 (M)=0.6861
10231.1s 289 Epoch 6/30: Train Loss=0.3836 | Val Acc=0.9460 | Val F1 (W)=0.9403 | Val F1 (M)=0.6975
10312.5s 290 Epoch 7/30: Train Loss=0.3531 | Val Acc=0.9399 | Val F1 (W)=0.9331 | Val F1 (M)=0.6677
10393.3s 291 Epoch 8/30: Train Loss=0.3481 | Val Acc=0.9551 | Val F1 (W)=0.9511 | Val F1 (M)=0.7560
10474.4s 292 Epoch 9/30: Train Loss=0.3241 | Val Acc=0.9486 | Val F1 (W)=0.9483 | Val F1 (M)=0.7465
10555.3s 293 Epoch 10/30: Train Loss=0.3027 | Val Acc=0.9570 | Val F1 (W)=0.9560 | Val F1 (M)=0.7418
10636.0s 294 Epoch 11/30: Train Loss=0.2899 | Val Acc=0.9572 | Val F1 (W)=0.9548 | Val F1 (M)=0.7558
10717.0s 295 Epoch 12/30: Train Loss=0.2853 | Val Acc=0.9570 | Val F1 (W)=0.9546 | Val F1 (M)=0.7676
10797.8s 296 Epoch 13/30: Train Loss=0.2574 | Val Acc=0.9536 | Val F1 (W)=0.9536 | Val F1 (M)=0.7742
10878.0s 297 Epoch 14/30: Train Loss=0.2545 | Val Acc=0.9644 | Val F1 (W)=0.9633 | Val F1 (M)=0.7965
10957.5s 298 Epoch 15/30: Train Loss=0.2454 | Val Acc=0.9564 | Val F1 (W)=0.9565 | Val F1 (M)=0.7982
11037.2s 299 Epoch 16/30: Train Loss=0.2350 | Val Acc=0.9648 | Val F1 (W)=0.9638 | Val F1 (M)=0.8053
11117.0s 300 Epoch 17/30: Train Loss=0.2229 | Val Acc=0.9208 | Val F1 (W)=0.9291 | Val F1 (M)=0.7267
11196.5s 301 Epoch 18/30: Train Loss=0.2149 | Val Acc=0.9631 | Val F1 (W)=0.9619 | Val F1 (M)=0.7783
11275.9s 302 Epoch 19/30: Train Loss=0.2072 | Val Acc=0.9622 | Val F1 (W)=0.9617 | Val F1 (M)=0.7953
11355.5s 303 Epoch 20/30: Train Loss=0.2068 | Val Acc=0.9599 | Val F1 (W)=0.9594 | Val F1 (M)=0.7926
11435.3s 304 Epoch 21/30: Train Loss=0.1994 | Val Acc=0.9651 | Val F1 (W)=0.9644 | Val F1 (M)=0.8033
11515.3s 305 Epoch 22/30: Train Loss=0.1937 | Val Acc=0.9683 | Val F1 (W)=0.9680 | Val F1 (M)=0.8199
11595.3s 306 Epoch 23/30: Train Loss=0.1902 | Val Acc=0.9596 | Val F1 (W)=0.9599 | Val F1 (M)=0.7856
11675.7s 307 Epoch 24/30: Train Loss=0.1817 | Val Acc=0.9709 | Val F1 (W)=0.9708 | Val F1 (M)=0.8246
11755.7s 308 Epoch 25/30: Train Loss=0.1722 | Val Acc=0.9657 | Val F1 (W)=0.9657 | Val F1 (M)=0.8121
11837.2s 309 Epoch 26/30: Train Loss=0.1712 | Val Acc=0.9557 | Val F1 (W)=0.9570 | Val F1 (M)=0.7973
11918.1s 310 Epoch 27/30: Train Loss=0.1750 | Val Acc=0.9670 | Val F1 (W)=0.9671 | Val F1 (M)=0.8215
11998.9s 311 Epoch 28/30: Train Loss=0.1591 | Val Acc=0.9549 | Val F1 (W)=0.9563 | Val F1 (M)=0.7925
12080.0s 312 Epoch 29/30: Train Loss=0.1688 | Val Acc=0.9674 | Val F1 (W)=0.9670 | Val F1 (M)=0.8263
12161.7s 313 Epoch 30/30: Train Loss=0.1560 | Val Acc=0.9664 | Val F1 (W)=0.9659 | Val F1 (M)=0.8195
12161.7s 314 Fold 5 Results: Val Acc=0.9664, Val F1 (W)=0.9659, Val F1 (M)=0.8195, Train Time=2424.0s
12161.7s 315 
12161.7s 316 >>> Running Final Evaluation on DEDICATED TEST SET (Unseen Data)...
12180.0s 317 DEDICATED TEST SET RESULTS: Acc=0.9652, F1 (W)=0.9654, F1 (M)=0.8052
12180.0s 318 Results saved to: /kaggle/working/results_factor_45.json
12180.0s 319 
12180.0s 320 [Factor: 45%] SUMMARY: Avg. Val F1 (W)=0.9655 | Avg. Val F1 (M)=0.8113 | Avg. Time=2426.7s | Final Test F1 (W)=0.9654 | Final Test F1 (M)=0.8052
12180.0s 321 
12180.0s 322 --- FINAL EXPERIMENT SUMMARY ---
12180.0s 323 |   Factor (%) |   Avg Validation Accuracy |   Avg Validation F1 (W) |   Avg Validation F1 (M) |   Avg Train Time (s) |   Final Test Accuracy |   Final Test F1 (W) |   Final Test F1 (M) |
12180.0s 324 |-------------:|--------------------------:|------------------------:|------------------------:|---------------------:|----------------------:|--------------------:|--------------------:|
12180.0s 325 |           45 |                  0.965278 |                0.965466 |                0.811333 |              2426.66 |              0.965234 |            0.965446 |             0.80521 |
12184.6s 326 /usr/local/lib/python3.11/dist-packages/traitlets/traitlets.py:2915: FutureWarning: --Exporter.preprocessors=["remove_papermill_header.RemovePapermillHeader"] for containers is deprecated in traitlets 5.0. You can pass `--Exporter.preprocessors item` ... multiple times to add items to a list.
12184.6s 327 warn(
12184.7s 328 [NbConvertApp] Converting notebook __notebook__.ipynb to notebook
12185.0s 329 [NbConvertApp] Writing 229014 bytes to __notebook__.ipynb
12186.4s 330 /usr/local/lib/python3.11/dist-packages/traitlets/traitlets.py:2915: FutureWarning: --Exporter.preprocessors=["nbconvert.preprocessors.ExtractOutputPreprocessor"] for containers is deprecated in traitlets 5.0. You can pass `--Exporter.preprocessors item` ... multiple times to add items to a list.
12186.4s 331 warn(
12186.4s 332 [NbConvertApp] Converting notebook __notebook__.ipynb to html
12187.3s 333 [NbConvertApp] Support files will be in __results___files/
12187.3s 334 [NbConvertApp] Making directory __results___files
12187.3s 335 [NbConvertApp] Making directory __results___files
12187.3s 336 [NbConvertApp] Writing 404695 bytes to __results__.html