5.7s 1 0.00s - Debugger warning: It seems that frozen modules are being used, which may
5.7s 2 0.00s - make the debugger miss breakpoints. Please pass -Xfrozen_modules=off
5.7s 3 0.00s - to python to disable frozen modules.
5.7s 4 0.00s - Note: Debugging will proceed. Set PYDEVD_DISABLE_FILE_VALIDATION=1 to disable this validation.
6.4s 5 0.00s - Debugger warning: It seems that frozen modules are being used, which may
6.4s 6 0.00s - make the debugger miss breakpoints. Please pass -Xfrozen_modules=off
6.4s 7 0.00s - to python to disable frozen modules.
6.4s 8 0.00s - Note: Debugging will proceed. Set PYDEVD_DISABLE_FILE_VALIDATION=1 to disable this validation.
8.7s 9 Sun Sep 28 14:33:54 2025
8.7s 10 +-----------------------------------------------------------------------------------------+
8.7s 11 | NVIDIA-SMI 560.35.03              Driver Version: 560.35.03      CUDA Version: 12.6     |
8.7s 12 |-----------------------------------------+------------------------+----------------------+
8.7s 13 | GPU  Name                 Persistence-M | Bus-Id          Disp.A | Volatile Uncorr. ECC |
8.7s 14 | Fan  Temp   Perf          Pwr:Usage/Cap |           Memory-Usage | GPU-Util  Compute M. |
8.7s 15 |                                         |                        |               MIG M. |
8.7s 16 |=========================================+========================+======================|
8.7s 17 |   0  Tesla P100-PCIE-16GB           Off |   00000000:00:04.0 Off |                    0 |
8.7s 18 | N/A   30C    P0             25W /  250W |       0MiB /  16384MiB |      0%      Default |
8.7s 19 |                                         |                        |                  N/A |
8.7s 20 +-----------------------------------------+------------------------+----------------------+
8.7s 21 
8.7s 22 +-----------------------------------------------------------------------------------------+
8.7s 23 | Processes:                                                                              |
8.7s 24 |  GPU   GI   CI        PID   Type   Process name                              GPU Memory |
8.7s 25 |        ID   ID                                                               Usage      |
8.7s 26 |=========================================================================================|
8.7s 27 |  No running processes found                                                             |
8.7s 28 +-----------------------------------------------------------------------------------------+
8.8s 29 Architecture:             x86_64
8.8s 30 CPU op-mode(s):         32-bit, 64-bit
8.8s 31 Address sizes:          46 bits physical, 48 bits virtual
8.8s 32 Byte Order:             Little Endian
8.8s 33 CPU(s):                   4
8.8s 34 On-line CPU(s) list:    0-3
8.8s 35 Vendor ID:                GenuineIntel
8.8s 36 Model name:             Intel(R) Xeon(R) CPU @ 2.00GHz
8.8s 37 CPU family:           6
8.8s 38 Model:                85
8.8s 39 Thread(s) per core:   2
8.8s 40 Core(s) per socket:   2
8.8s 41 Socket(s):            1
8.8s 42 Stepping:             3
8.8s 43 BogoMIPS:             4000.43
8.8s 44 Flags:                fpu vme de pse tsc msr pae mce cx8 apic sep mtrr pge m
8.8s 45 ca cmov pat pse36 clflush mmx fxsr sse sse2 ss ht sysc
8.8s 46 all nx pdpe1gb rdtscp lm constant_tsc rep_good nopl xt
8.8s 47 opology nonstop_tsc cpuid tsc_known_freq pni pclmulqdq
8.8s 48 ssse3 fma cx16 pcid sse4_1 sse4_2 x2apic movbe popcnt
8.8s 49 aes xsave avx f16c rdrand hypervisor lahf_lm abm 3dno
8.8s 50 wprefetch pti ssbd ibrs ibpb stibp fsgsbase tsc_adjust
8.8s 51 bmi1 hle avx2 smep bmi2 erms invpcid rtm mpx avx512f
8.8s 52 avx512dq rdseed adx smap clflushopt clwb avx512cd avx5
8.8s 53 12bw avx512vl xsaveopt xsavec xgetbv1 xsaves arat md_c
8.8s 54 lear arch_capabilities
8.8s 55 Virtualization features:
8.8s 56 Hypervisor vendor:      KVM
8.8s 57 Virtualization type:    full
8.8s 58 Caches (sum of all):
8.8s 59 L1d:                    64 KiB (2 instances)
8.8s 60 L1i:                    64 KiB (2 instances)
8.8s 61 L2:                     2 MiB (2 instances)
8.8s 62 L3:                     38.5 MiB (1 instance)
8.8s 63 NUMA:
8.8s 64 NUMA node(s):           1
8.8s 65 NUMA node0 CPU(s):      0-3
8.8s 66 Vulnerabilities:
8.8s 67 Gather data sampling:   Not affected
8.8s 68 Itlb multihit:          Not affected
8.8s 69 L1tf:                   Mitigation; PTE Inversion
8.8s 70 Mds:                    Mitigation; Clear CPU buffers; SMT Host state unknown
8.8s 71 Meltdown:               Mitigation; PTI
8.8s 72 Mmio stale data:        Vulnerable: Clear CPU buffers attempted, no microcode;
8.8s 73 SMT Host state unknown
8.8s 74 Reg file data sampling: Not affected
8.8s 75 Retbleed:               Mitigation; IBRS
8.8s 76 Spec rstack overflow:   Not affected
8.8s 77 Spec store bypass:      Mitigation; Speculative Store Bypass disabled via prct
8.8s 78 l
8.8s 79 Spectre v1:             Mitigation; usercopy/swapgs barriers and __user pointe
8.8s 80 r sanitization
8.8s 81 Spectre v2:             Mitigation; IBRS; IBPB conditional; STIBP conditional;
8.8s 82 RSB filling; PBRSB-eIBRS Not affected; BHI SW loop, K
8.8s 83 VM SW loop
8.8s 84 Srbds:                  Not affected
8.8s 85 Tsx async abort:        Mitigation; Clear CPU buffers; SMT Host state unknown
9.0s 86 total        used        free      shared  buff/cache   available
9.0s 87 Mem:            31Gi       653Mi        23Gi       2.0Mi       7.1Gi        30Gi
9.0s 88 Swap:             0B          0B          0B
9.1s 89 PRETTY_NAME="Ubuntu 22.04.4 LTS"
9.1s 90 NAME="Ubuntu"
9.1s 91 VERSION_ID="22.04"
9.1s 92 VERSION="22.04.4 LTS (Jammy Jellyfish)"
9.1s 93 VERSION_CODENAME=jammy
9.1s 94 ID=ubuntu
9.1s 95 ID_LIKE=debian
9.1s 96 HOME_URL="https://www.ubuntu.com/"
9.1s 97 SUPPORT_URL="https://help.ubuntu.com/"
9.1s 98 BUG_REPORT_URL="https://bugs.launchpad.net/ubuntu/"
9.1s 99 PRIVACY_POLICY_URL="https://www.ubuntu.com/legal/terms-and-policies/privacy-policy"
9.1s 100 UBUNTU_CODENAME=jammy
9.2s 101 Filesystem                                                              Size  Used Avail Use% Mounted on
9.2s 102 overlay                                                                 7.9T  6.3T  1.7T  80% /
9.2s 103 tmpfs                                                                    64M     0   64M   0% /dev
9.2s 104 shm                                                                      14G     0   14G   0% /dev/shm
9.2s 105 /dev/loop1                                                               20G  188K   20G   1% /kaggle/lib
9.2s 106 /dev/sda1                                                               122G  4.7G  118G   4% /opt/bin
9.2s 107 192.168.14.2:/data/kagglesdsdata/datasets/3570200/6216738/dd44uh7bqi96   23T   17T  6.0T  74% /kaggle/input/tilda-400-64x64-patches
9.2s 108 /dev/mapper/snap                                                        7.9T  6.3T  1.7T  80% /etc/hosts
9.2s 109 tmpfs                                                                    16G     0   16G   0% /proc/acpi
9.2s 110 tmpfs                                                                    16G     0   16G   0% /proc/scsi
9.2s 111 tmpfs                                                                    16G     0   16G   0% /sys/firmware
23.3s 112 Random seed set as 42
23.3s 113 
23.5s 114 Random seed set as 42
23.5s 115 
23.9s 116 Total images found: 25600
23.9s 117 
23.9s 118 Original image count per class:
23.9s 119 good            23170
23.9s 120 objects           837
23.9s 121 oil spot          636
23.9s 122 thread error      620
23.9s 123 hole              337
23.9s 124 dtype: int64
24.5s 125 Random seed set as 42
24.5s 126 
24.5s 127 Random seed set as 42
24.5s 128 
24.6s 129 Random seed set as 42
24.6s 130 
24.6s 131 Random seed set as 42
24.6s 132 
24.7s 133 Random seed set as 42
24.7s 134 
24.8s 135 Real Data Loaded: 400 unique Image IDs and 25600 total patches.
24.8s 136 Initial Patch Split (Multi-class): Good (0)=23170, Defects (1-4)=2430.
24.8s 137 Image Stratification Split (Multi-class): good(0)=0, hole(1)=101, objects(2)=100, oil spot(3)=99, thread error(4)=100
24.8s 138 
24.8s 139 --- Initial Data Split (Non-Stratified) ---
24.8s 140 Total Image IDs: 400
24.8s 141 Dedicated Test Set Split (10%): 40 image IDs.
24.8s 142 K-Fold Train/Validation Pool: 360 image IDs.
24.8s 143 Dedicated Test Set Ready with 2560 patches for final evaluation.
24.8s 144 
24.8s 145 --- Starting Undersampling Experiment (Stratified K-Fold on IMAGE IDs) ---
24.8s 146 
24.8s 147 [Factor: 75% of Majority Class Patches in Training Set]
24.8s 148 > Running Fold 1/5 (Splitting by Image ID)...
24.8s 149 Train Set Size (Undersampled): Good (0)=12501, Defects (1-4)=1763
25.2s 150 Downloading: "https://download.pytorch.org/models/resnet50-11ad3fa6.pth" to /root/.cache/torch/hub/checkpoints/resnet50-11ad3fa6.pth
25.8s 151 0%|          | 0.00/97.8M [00:00<?, ?B/s] 18%|█▊        | 17.6M/97.8M [00:00<00:00, 184MB/s] 39%|███▉      | 38.1M/97.8M [00:00<00:00, 202MB/s] 59%|█████▊    | 57.4M/97.8M [00:00<00:00, 188MB/s] 77%|███████▋  | 75.5M/97.8M [00:00<00:00, 187MB/s] 97%|█████████▋| 94.5M/97.8M [00:00<00:00, 191MB/s]100%|██████████| 97.8M/97.8M [00:00<00:00, 192MB/s]
234.4s 152 Epoch 1/30: Train Loss=0.4683 | Val Acc=0.9238 | Val F1 (W)=0.9038 | Val F1 (M)=0.4078
364.3s 153 Epoch 2/30: Train Loss=0.3599 | Val Acc=0.9286 | Val F1 (W)=0.9169 | Val F1 (M)=0.5199
494.7s 154 Epoch 3/30: Train Loss=0.3060 | Val Acc=0.9379 | Val F1 (W)=0.9312 | Val F1 (M)=0.6196
624.1s 155 Epoch 4/30: Train Loss=0.2785 | Val Acc=0.9412 | Val F1 (W)=0.9314 | Val F1 (M)=0.6197
755.1s 156 Epoch 5/30: Train Loss=0.2554 | Val Acc=0.9451 | Val F1 (W)=0.9391 | Val F1 (M)=0.6628
886.6s 157 Epoch 6/30: Train Loss=0.2324 | Val Acc=0.9447 | Val F1 (W)=0.9377 | Val F1 (M)=0.6379
1018.4s 158 Epoch 7/30: Train Loss=0.2219 | Val Acc=0.9484 | Val F1 (W)=0.9450 | Val F1 (M)=0.6832
1152.6s 159 Epoch 8/30: Train Loss=0.2076 | Val Acc=0.9470 | Val F1 (W)=0.9472 | Val F1 (M)=0.7156
1285.4s 160 Epoch 9/30: Train Loss=0.1951 | Val Acc=0.9544 | Val F1 (W)=0.9532 | Val F1 (M)=0.7285
1417.7s 161 Epoch 10/30: Train Loss=0.1896 | Val Acc=0.9523 | Val F1 (W)=0.9520 | Val F1 (M)=0.7484
1548.8s 162 Epoch 11/30: Train Loss=0.1794 | Val Acc=0.9625 | Val F1 (W)=0.9622 | Val F1 (M)=0.7951
1681.9s 163 Epoch 12/30: Train Loss=0.1708 | Val Acc=0.9529 | Val F1 (W)=0.9517 | Val F1 (M)=0.7423
1813.0s 164 Epoch 13/30: Train Loss=0.1620 | Val Acc=0.9568 | Val F1 (W)=0.9563 | Val F1 (M)=0.7718
1942.5s 165 Epoch 14/30: Train Loss=0.1575 | Val Acc=0.9460 | Val F1 (W)=0.9448 | Val F1 (M)=0.6878
2072.6s 166 Epoch 15/30: Train Loss=0.1540 | Val Acc=0.9599 | Val F1 (W)=0.9582 | Val F1 (M)=0.7776
2211.7s 167 Epoch 16/30: Train Loss=0.1552 | Val Acc=0.9631 | Val F1 (W)=0.9631 | Val F1 (M)=0.7915
2372.7s 168 Epoch 17/30: Train Loss=0.1456 | Val Acc=0.9588 | Val F1 (W)=0.9592 | Val F1 (M)=0.7772
2522.8s 169 Epoch 18/30: Train Loss=0.1420 | Val Acc=0.9640 | Val F1 (W)=0.9631 | Val F1 (M)=0.7942
2661.3s 170 Epoch 19/30: Train Loss=0.1413 | Val Acc=0.9575 | Val F1 (W)=0.9560 | Val F1 (M)=0.7696
2809.0s 171 Epoch 20/30: Train Loss=0.1300 | Val Acc=0.9620 | Val F1 (W)=0.9606 | Val F1 (M)=0.7855
2962.1s 172 Epoch 21/30: Train Loss=0.1279 | Val Acc=0.9677 | Val F1 (W)=0.9668 | Val F1 (M)=0.8192
3102.4s 173 Epoch 22/30: Train Loss=0.1234 | Val Acc=0.9612 | Val F1 (W)=0.9613 | Val F1 (M)=0.7926
3248.6s 174 Epoch 23/30: Train Loss=0.1326 | Val Acc=0.9633 | Val F1 (W)=0.9628 | Val F1 (M)=0.7932
3389.6s 175 Epoch 24/30: Train Loss=0.1183 | Val Acc=0.9609 | Val F1 (W)=0.9603 | Val F1 (M)=0.7764
3526.0s 176 Epoch 25/30: Train Loss=0.1155 | Val Acc=0.9640 | Val F1 (W)=0.9633 | Val F1 (M)=0.8037
3654.8s 177 Epoch 26/30: Train Loss=0.1141 | Val Acc=0.9646 | Val F1 (W)=0.9635 | Val F1 (M)=0.7893
3784.9s 178 Epoch 27/30: Train Loss=0.1052 | Val Acc=0.9655 | Val F1 (W)=0.9653 | Val F1 (M)=0.8241
3917.0s 179 Epoch 28/30: Train Loss=0.1100 | Val Acc=0.9666 | Val F1 (W)=0.9663 | Val F1 (M)=0.8267
4049.9s 180 Epoch 29/30: Train Loss=0.1095 | Val Acc=0.9659 | Val F1 (W)=0.9649 | Val F1 (M)=0.8075
4179.5s 181 Epoch 30/30: Train Loss=0.1054 | Val Acc=0.9620 | Val F1 (W)=0.9616 | Val F1 (M)=0.7869
4179.5s 182 Fold 1 Results: Val Acc=0.9620, Val F1 (W)=0.9616, Val F1 (M)=0.7869, Train Time=4153.2s
4179.5s 183 > Running Fold 2/5 (Splitting by Image ID)...
4179.5s 184 Train Set Size (Undersampled): Good (0)=12438, Defects (1-4)=1848
4328.1s 185 Epoch 1/30: Train Loss=0.4837 | Val Acc=0.9234 | Val F1 (W)=0.8989 | Val F1 (M)=0.2452
4459.0s 186 Epoch 2/30: Train Loss=0.3725 | Val Acc=0.9345 | Val F1 (W)=0.9257 | Val F1 (M)=0.4410
4588.2s 187 Epoch 3/30: Train Loss=0.3200 | Val Acc=0.9375 | Val F1 (W)=0.9332 | Val F1 (M)=0.5092
4720.6s 188 Epoch 4/30: Train Loss=0.2814 | Val Acc=0.9457 | Val F1 (W)=0.9335 | Val F1 (M)=0.4936
4854.1s 189 Epoch 5/30: Train Loss=0.2614 | Val Acc=0.9612 | Val F1 (W)=0.9579 | Val F1 (M)=0.7125
4983.7s 190 Epoch 6/30: Train Loss=0.2305 | Val Acc=0.9531 | Val F1 (W)=0.9497 | Val F1 (M)=0.6341
5113.2s 191 Epoch 7/30: Train Loss=0.2182 | Val Acc=0.9583 | Val F1 (W)=0.9571 | Val F1 (M)=0.6791
5243.1s 192 Epoch 8/30: Train Loss=0.2077 | Val Acc=0.9644 | Val F1 (W)=0.9643 | Val F1 (M)=0.7679
5373.5s 193 Epoch 9/30: Train Loss=0.1983 | Val Acc=0.9677 | Val F1 (W)=0.9659 | Val F1 (M)=0.7698
5502.9s 194 Epoch 10/30: Train Loss=0.1881 | Val Acc=0.9620 | Val F1 (W)=0.9607 | Val F1 (M)=0.7084
5633.7s 195 Epoch 11/30: Train Loss=0.1849 | Val Acc=0.9614 | Val F1 (W)=0.9586 | Val F1 (M)=0.7106
5767.5s 196 Epoch 12/30: Train Loss=0.1766 | Val Acc=0.9523 | Val F1 (W)=0.9580 | Val F1 (M)=0.7051
5904.3s 197 Epoch 13/30: Train Loss=0.1673 | Val Acc=0.9666 | Val F1 (W)=0.9655 | Val F1 (M)=0.7623
6033.2s 198 Epoch 14/30: Train Loss=0.1665 | Val Acc=0.9709 | Val F1 (W)=0.9694 | Val F1 (M)=0.7938
6162.0s 199 Epoch 15/30: Train Loss=0.1562 | Val Acc=0.9698 | Val F1 (W)=0.9692 | Val F1 (M)=0.7889
6290.6s 200 Epoch 16/30: Train Loss=0.1523 | Val Acc=0.9705 | Val F1 (W)=0.9677 | Val F1 (M)=0.7865
6420.8s 201 Epoch 17/30: Train Loss=0.1477 | Val Acc=0.9659 | Val F1 (W)=0.9645 | Val F1 (M)=0.7579
6554.4s 202 Epoch 18/30: Train Loss=0.1457 | Val Acc=0.9618 | Val F1 (W)=0.9610 | Val F1 (M)=0.7435
6687.1s 203 Epoch 19/30: Train Loss=0.1418 | Val Acc=0.9698 | Val F1 (W)=0.9686 | Val F1 (M)=0.7952
6817.2s 204 Epoch 20/30: Train Loss=0.1374 | Val Acc=0.9698 | Val F1 (W)=0.9704 | Val F1 (M)=0.7861
6946.5s 205 Epoch 21/30: Train Loss=0.1330 | Val Acc=0.9666 | Val F1 (W)=0.9662 | Val F1 (M)=0.7632
7079.0s 206 Epoch 22/30: Train Loss=0.1252 | Val Acc=0.9520 | Val F1 (W)=0.9551 | Val F1 (M)=0.7333
7208.6s 207 Epoch 23/30: Train Loss=0.1233 | Val Acc=0.9657 | Val F1 (W)=0.9661 | Val F1 (M)=0.7513
7338.9s 208 Epoch 24/30: Train Loss=0.1194 | Val Acc=0.9635 | Val F1 (W)=0.9641 | Val F1 (M)=0.7640
7480.7s 209 Epoch 25/30: Train Loss=0.1193 | Val Acc=0.9657 | Val F1 (W)=0.9652 | Val F1 (M)=0.7616
7620.9s 210 Epoch 26/30: Train Loss=0.1118 | Val Acc=0.9716 | Val F1 (W)=0.9708 | Val F1 (M)=0.8067
7785.1s 211 Epoch 27/30: Train Loss=0.1228 | Val Acc=0.9661 | Val F1 (W)=0.9660 | Val F1 (M)=0.7739
7946.5s 212 Epoch 28/30: Train Loss=0.1091 | Val Acc=0.9711 | Val F1 (W)=0.9693 | Val F1 (M)=0.7907
8108.0s 213 Epoch 29/30: Train Loss=0.1118 | Val Acc=0.9724 | Val F1 (W)=0.9714 | Val F1 (M)=0.8137
8274.4s 214 Epoch 30/30: Train Loss=0.1082 | Val Acc=0.9727 | Val F1 (W)=0.9728 | Val F1 (M)=0.8192
8274.4s 215 Fold 2 Results: Val Acc=0.9727, Val F1 (W)=0.9728, Val F1 (M)=0.8192, Train Time=4094.4s
8274.4s 216 > Running Fold 3/5 (Splitting by Image ID)...
8274.4s 217 Train Set Size (Undersampled): Good (0)=12513, Defects (1-4)=1747
8411.6s 218 Epoch 1/30: Train Loss=0.4778 | Val Acc=0.9195 | Val F1 (W)=0.9030 | Val F1 (M)=0.3969
8541.2s 219 Epoch 2/30: Train Loss=0.3576 | Val Acc=0.9225 | Val F1 (W)=0.9178 | Val F1 (M)=0.5163
8671.7s 220 Epoch 3/30: Train Loss=0.3059 | Val Acc=0.9473 | Val F1 (W)=0.9401 | Val F1 (M)=0.6223
8804.1s 221 Epoch 4/30: Train Loss=0.2690 | Val Acc=0.9243 | Val F1 (W)=0.9271 | Val F1 (M)=0.6308
8936.1s 222 Epoch 5/30: Train Loss=0.2517 | Val Acc=0.9648 | Val F1 (W)=0.9633 | Val F1 (M)=0.7854
9067.3s 223 Epoch 6/30: Train Loss=0.2331 | Val Acc=0.9577 | Val F1 (W)=0.9560 | Val F1 (M)=0.7578
9197.2s 224 Epoch 7/30: Train Loss=0.2132 | Val Acc=0.9661 | Val F1 (W)=0.9656 | Val F1 (M)=0.7987
9326.0s 225 Epoch 8/30: Train Loss=0.1967 | Val Acc=0.9531 | Val F1 (W)=0.9534 | Val F1 (M)=0.7741
9455.0s 226 Epoch 9/30: Train Loss=0.1921 | Val Acc=0.9681 | Val F1 (W)=0.9669 | Val F1 (M)=0.8216
9584.5s 227 Epoch 10/30: Train Loss=0.1855 | Val Acc=0.9696 | Val F1 (W)=0.9685 | Val F1 (M)=0.8117
9713.2s 228 Epoch 11/30: Train Loss=0.1757 | Val Acc=0.9698 | Val F1 (W)=0.9685 | Val F1 (M)=0.8294
9842.0s 229 Epoch 12/30: Train Loss=0.1691 | Val Acc=0.9677 | Val F1 (W)=0.9672 | Val F1 (M)=0.8221
9971.3s 230 Epoch 13/30: Train Loss=0.1612 | Val Acc=0.9740 | Val F1 (W)=0.9731 | Val F1 (M)=0.8522
10100.1s 231 Epoch 14/30: Train Loss=0.1581 | Val Acc=0.9655 | Val F1 (W)=0.9652 | Val F1 (M)=0.8064
10229.7s 232 Epoch 15/30: Train Loss=0.1507 | Val Acc=0.9724 | Val F1 (W)=0.9716 | Val F1 (M)=0.8444
10358.4s 233 Epoch 16/30: Train Loss=0.1459 | Val Acc=0.9722 | Val F1 (W)=0.9716 | Val F1 (M)=0.8545
10487.2s 234 Epoch 17/30: Train Loss=0.1370 | Val Acc=0.9731 | Val F1 (W)=0.9721 | Val F1 (M)=0.8503
10618.5s 235 Epoch 18/30: Train Loss=0.1345 | Val Acc=0.9701 | Val F1 (W)=0.9699 | Val F1 (M)=0.8391
10747.7s 236 Epoch 19/30: Train Loss=0.1301 | Val Acc=0.9679 | Val F1 (W)=0.9678 | Val F1 (M)=0.8211
10879.2s 237 Epoch 20/30: Train Loss=0.1233 | Val Acc=0.9718 | Val F1 (W)=0.9711 | Val F1 (M)=0.8341
11009.0s 238 Epoch 21/30: Train Loss=0.1248 | Val Acc=0.9718 | Val F1 (W)=0.9704 | Val F1 (M)=0.8472
11138.6s 239 Epoch 22/30: Train Loss=0.1237 | Val Acc=0.9744 | Val F1 (W)=0.9735 | Val F1 (M)=0.8678
11267.5s 240 Epoch 23/30: Train Loss=0.1145 | Val Acc=0.9724 | Val F1 (W)=0.9721 | Val F1 (M)=0.8407
11396.8s 241 Epoch 24/30: Train Loss=0.1155 | Val Acc=0.9729 | Val F1 (W)=0.9726 | Val F1 (M)=0.8450
11530.5s 242 Epoch 25/30: Train Loss=0.1142 | Val Acc=0.9742 | Val F1 (W)=0.9737 | Val F1 (M)=0.8653
11664.8s 243 Epoch 26/30: Train Loss=0.1089 | Val Acc=0.9753 | Val F1 (W)=0.9744 | Val F1 (M)=0.8662
11812.6s 244 Epoch 27/30: Train Loss=0.1096 | Val Acc=0.9714 | Val F1 (W)=0.9719 | Val F1 (M)=0.8493
11951.5s 245 Epoch 28/30: Train Loss=0.1111 | Val Acc=0.9753 | Val F1 (W)=0.9746 | Val F1 (M)=0.8599
12086.0s 246 Epoch 29/30: Train Loss=0.0958 | Val Acc=0.9701 | Val F1 (W)=0.9707 | Val F1 (M)=0.8553
12214.7s 247 Epoch 30/30: Train Loss=0.1055 | Val Acc=0.9742 | Val F1 (W)=0.9736 | Val F1 (M)=0.8591
12214.7s 248 Fold 3 Results: Val Acc=0.9742, Val F1 (W)=0.9736, Val F1 (M)=0.8591, Train Time=3939.9s
12214.7s 249 > Running Fold 4/5 (Splitting by Image ID)...
12214.7s 250 Train Set Size (Undersampled): Good (0)=12509, Defects (1-4)=1753
12345.3s 251 Epoch 1/30: Train Loss=0.4897 | Val Acc=0.9164 | Val F1 (W)=0.8917 | Val F1 (M)=0.3581
12473.9s 252 Epoch 2/30: Train Loss=0.3745 | Val Acc=0.9342 | Val F1 (W)=0.9211 | Val F1 (M)=0.5212
12602.6s 253 Epoch 3/30: Train Loss=0.3336 | Val Acc=0.9368 | Val F1 (W)=0.9278 | Val F1 (M)=0.5916
12730.6s 254 Epoch 4/30: Train Loss=0.3116 | Val Acc=0.9475 | Val F1 (W)=0.9435 | Val F1 (M)=0.6719
12859.1s 255 Epoch 5/30: Train Loss=0.2843 | Val Acc=0.9486 | Val F1 (W)=0.9430 | Val F1 (M)=0.6731
13003.4s 256 Epoch 6/30: Train Loss=0.2725 | Val Acc=0.9551 | Val F1 (W)=0.9518 | Val F1 (M)=0.7103
13135.2s 257 Epoch 7/30: Train Loss=0.2587 | Val Acc=0.9518 | Val F1 (W)=0.9509 | Val F1 (M)=0.7030
13264.1s 258 Epoch 8/30: Train Loss=0.2435 | Val Acc=0.9575 | Val F1 (W)=0.9541 | Val F1 (M)=0.7343
13393.7s 259 Epoch 9/30: Train Loss=0.2339 | Val Acc=0.9546 | Val F1 (W)=0.9555 | Val F1 (M)=0.7566
13525.1s 260 Epoch 10/30: Train Loss=0.2208 | Val Acc=0.9583 | Val F1 (W)=0.9588 | Val F1 (M)=0.8097
13654.5s 261 Epoch 11/30: Train Loss=0.2170 | Val Acc=0.9709 | Val F1 (W)=0.9700 | Val F1 (M)=0.8299
13784.0s 262 Epoch 12/30: Train Loss=0.2061 | Val Acc=0.9696 | Val F1 (W)=0.9690 | Val F1 (M)=0.8442
13913.5s 263 Epoch 13/30: Train Loss=0.1987 | Val Acc=0.9698 | Val F1 (W)=0.9688 | Val F1 (M)=0.8236
14043.0s 264 Epoch 14/30: Train Loss=0.1922 | Val Acc=0.9740 | Val F1 (W)=0.9732 | Val F1 (M)=0.8575
14170.9s 265 Epoch 15/30: Train Loss=0.1776 | Val Acc=0.9735 | Val F1 (W)=0.9727 | Val F1 (M)=0.8388
14300.4s 266 Epoch 16/30: Train Loss=0.1747 | Val Acc=0.9681 | Val F1 (W)=0.9676 | Val F1 (M)=0.8339
14430.9s 267 Epoch 17/30: Train Loss=0.1741 | Val Acc=0.9677 | Val F1 (W)=0.9680 | Val F1 (M)=0.7932
14566.5s 268 Epoch 18/30: Train Loss=0.1658 | Val Acc=0.9711 | Val F1 (W)=0.9710 | Val F1 (M)=0.8215
14695.9s 269 Epoch 19/30: Train Loss=0.1716 | Val Acc=0.9750 | Val F1 (W)=0.9744 | Val F1 (M)=0.8334
14825.0s 270 Epoch 20/30: Train Loss=0.1587 | Val Acc=0.9763 | Val F1 (W)=0.9760 | Val F1 (M)=0.8645
14955.5s 271 Epoch 21/30: Train Loss=0.1572 | Val Acc=0.9737 | Val F1 (W)=0.9725 | Val F1 (M)=0.8455
15084.2s 272 Epoch 22/30: Train Loss=0.1546 | Val Acc=0.9794 | Val F1 (W)=0.9790 | Val F1 (M)=0.8841
15213.7s 273 Epoch 23/30: Train Loss=0.1435 | Val Acc=0.9759 | Val F1 (W)=0.9757 | Val F1 (M)=0.8557
15344.6s 274 Epoch 24/30: Train Loss=0.1427 | Val Acc=0.9766 | Val F1 (W)=0.9759 | Val F1 (M)=0.8630
15475.7s 275 Epoch 25/30: Train Loss=0.1436 | Val Acc=0.9681 | Val F1 (W)=0.9687 | Val F1 (M)=0.8407
15604.2s 276 Epoch 26/30: Train Loss=0.1338 | Val Acc=0.9674 | Val F1 (W)=0.9691 | Val F1 (M)=0.7815
15732.9s 277 Epoch 27/30: Train Loss=0.1312 | Val Acc=0.9718 | Val F1 (W)=0.9719 | Val F1 (M)=0.8375
15862.4s 278 Epoch 28/30: Train Loss=0.1283 | Val Acc=0.9753 | Val F1 (W)=0.9752 | Val F1 (M)=0.8655
15993.2s 279 Epoch 29/30: Train Loss=0.1256 | Val Acc=0.9655 | Val F1 (W)=0.9667 | Val F1 (M)=0.7923
16127.6s 280 Epoch 30/30: Train Loss=0.1235 | Val Acc=0.9785 | Val F1 (W)=0.9783 | Val F1 (M)=0.8630
16127.6s 281 Fold 4 Results: Val Acc=0.9785, Val F1 (W)=0.9783, Val F1 (M)=0.8630, Train Time=3912.5s
16127.6s 282 > Running Fold 5/5 (Splitting by Image ID)...
16127.6s 283 Train Set Size (Undersampled): Good (0)=12521, Defects (1-4)=1737
16261.5s 284 Epoch 1/30: Train Loss=0.4730 | Val Acc=0.8978 | Val F1 (W)=0.8848 | Val F1 (M)=0.4244
16390.9s 285 Epoch 2/30: Train Loss=0.3561 | Val Acc=0.9364 | Val F1 (W)=0.9269 | Val F1 (M)=0.6312
16520.4s 286 Epoch 3/30: Train Loss=0.3103 | Val Acc=0.9347 | Val F1 (W)=0.9256 | Val F1 (M)=0.5837
16658.3s 287 Epoch 4/30: Train Loss=0.2760 | Val Acc=0.9444 | Val F1 (W)=0.9363 | Val F1 (M)=0.7006
16818.6s 288 Epoch 5/30: Train Loss=0.2487 | Val Acc=0.9523 | Val F1 (W)=0.9478 | Val F1 (M)=0.7408
16979.0s 289 Epoch 6/30: Train Loss=0.2321 | Val Acc=0.9538 | Val F1 (W)=0.9497 | Val F1 (M)=0.7255
17142.9s 290 Epoch 7/30: Train Loss=0.2212 | Val Acc=0.9586 | Val F1 (W)=0.9567 | Val F1 (M)=0.7714
17305.7s 291 Epoch 8/30: Train Loss=0.2072 | Val Acc=0.9523 | Val F1 (W)=0.9454 | Val F1 (M)=0.7335
17452.1s 292 Epoch 9/30: Train Loss=0.2009 | Val Acc=0.9553 | Val F1 (W)=0.9513 | Val F1 (M)=0.7275
17582.0s 293 Epoch 10/30: Train Loss=0.1877 | Val Acc=0.9581 | Val F1 (W)=0.9553 | Val F1 (M)=0.7603
17710.5s 294 Epoch 11/30: Train Loss=0.1814 | Val Acc=0.9633 | Val F1 (W)=0.9616 | Val F1 (M)=0.7987
17838.5s 295 Epoch 12/30: Train Loss=0.1746 | Val Acc=0.9583 | Val F1 (W)=0.9551 | Val F1 (M)=0.7772
17966.7s 296 Epoch 13/30: Train Loss=0.1677 | Val Acc=0.9570 | Val F1 (W)=0.9582 | Val F1 (M)=0.8022
18096.3s 297 Epoch 14/30: Train Loss=0.1616 | Val Acc=0.9666 | Val F1 (W)=0.9651 | Val F1 (M)=0.8069
18226.2s 298 Epoch 15/30: Train Loss=0.1548 | Val Acc=0.9696 | Val F1 (W)=0.9689 | Val F1 (M)=0.8350
18360.8s 299 Epoch 16/30: Train Loss=0.1490 | Val Acc=0.9657 | Val F1 (W)=0.9644 | Val F1 (M)=0.8255
18501.3s 300 Epoch 17/30: Train Loss=0.1498 | Val Acc=0.9685 | Val F1 (W)=0.9671 | Val F1 (M)=0.8377
18632.1s 301 Epoch 18/30: Train Loss=0.1405 | Val Acc=0.9640 | Val F1 (W)=0.9626 | Val F1 (M)=0.8022
18762.6s 302 Epoch 19/30: Train Loss=0.1405 | Val Acc=0.9694 | Val F1 (W)=0.9688 | Val F1 (M)=0.8383
18891.5s 303 Epoch 20/30: Train Loss=0.1382 | Val Acc=0.9718 | Val F1 (W)=0.9713 | Val F1 (M)=0.8339
19020.7s 304 Epoch 21/30: Train Loss=0.1291 | Val Acc=0.9688 | Val F1 (W)=0.9667 | Val F1 (M)=0.8432
19149.3s 305 Epoch 22/30: Train Loss=0.1308 | Val Acc=0.9672 | Val F1 (W)=0.9657 | Val F1 (M)=0.8341
19278.0s 306 Epoch 23/30: Train Loss=0.1244 | Val Acc=0.9670 | Val F1 (W)=0.9662 | Val F1 (M)=0.8141
19418.7s 307 Epoch 24/30: Train Loss=0.1237 | Val Acc=0.9679 | Val F1 (W)=0.9657 | Val F1 (M)=0.8235
19567.1s 308 Epoch 25/30: Train Loss=0.1222 | Val Acc=0.9698 | Val F1 (W)=0.9692 | Val F1 (M)=0.8399
19708.7s 309 Epoch 26/30: Train Loss=0.1181 | Val Acc=0.9735 | Val F1 (W)=0.9726 | Val F1 (M)=0.8576
19838.5s 310 Epoch 27/30: Train Loss=0.1095 | Val Acc=0.9709 | Val F1 (W)=0.9701 | Val F1 (M)=0.8399
19967.8s 311 Epoch 28/30: Train Loss=0.1098 | Val Acc=0.9724 | Val F1 (W)=0.9714 | Val F1 (M)=0.8548
20097.1s 312 Epoch 29/30: Train Loss=0.1090 | Val Acc=0.9698 | Val F1 (W)=0.9696 | Val F1 (M)=0.8416
20226.1s 313 Epoch 30/30: Train Loss=0.0990 | Val Acc=0.9744 | Val F1 (W)=0.9736 | Val F1 (M)=0.8780
20226.1s 314 Fold 5 Results: Val Acc=0.9744, Val F1 (W)=0.9736, Val F1 (M)=0.8780, Train Time=4098.1s
20226.1s 315 
20226.1s 316 >>> Running Final Evaluation on DEDICATED TEST SET (Unseen Data)...
20254.8s 317 DEDICATED TEST SET RESULTS: Acc=0.9777, F1 (W)=0.9775, F1 (M)=0.8792
20254.8s 318 Results saved to: /kaggle/working/results_factor_75.json
20254.8s 319 
20254.8s 320 [Factor: 75%] SUMMARY: Avg. Val F1 (W)=0.9720 | Avg. Val F1 (M)=0.8412 | Avg. Time=4039.6s | Final Test F1 (W)=0.9775 | Final Test F1 (M)=0.8792
20254.8s 321 
20254.8s 322 --- FINAL EXPERIMENT SUMMARY ---
20254.8s 323 |   Factor (%) |   Avg Validation Accuracy |   Avg Validation F1 (W) |   Avg Validation F1 (M) |   Avg Train Time (s) |   Final Test Accuracy |   Final Test F1 (W) |   Final Test F1 (M) |
20254.8s 324 |-------------:|--------------------------:|------------------------:|------------------------:|---------------------:|----------------------:|--------------------:|--------------------:|
20254.8s 325 |           75 |                  0.972352 |                0.971976 |                 0.84124 |              4039.62 |              0.977734 |            0.977522 |            0.879168 |
20259.5s 326 /usr/local/lib/python3.11/dist-packages/traitlets/traitlets.py:2915: FutureWarning: --Exporter.preprocessors=["remove_papermill_header.RemovePapermillHeader"] for containers is deprecated in traitlets 5.0. You can pass `--Exporter.preprocessors item` ... multiple times to add items to a list.
20259.5s 327 warn(
20259.5s 328 [NbConvertApp] Converting notebook __notebook__.ipynb to notebook
20259.9s 329 [NbConvertApp] Writing 229018 bytes to __notebook__.ipynb
20261.1s 330 /usr/local/lib/python3.11/dist-packages/traitlets/traitlets.py:2915: FutureWarning: --Exporter.preprocessors=["nbconvert.preprocessors.ExtractOutputPreprocessor"] for containers is deprecated in traitlets 5.0. You can pass `--Exporter.preprocessors item` ... multiple times to add items to a list.
20261.1s 331 warn(
20261.2s 332 [NbConvertApp] Converting notebook __notebook__.ipynb to html
20262.0s 333 [NbConvertApp] Support files will be in __results___files/
20262.0s 334 [NbConvertApp] Making directory __results___files
20262.0s 335 [NbConvertApp] Making directory __results___files
20262.0s 336 [NbConvertApp] Writing 404700 bytes to __results__.html